飞鸟\stand.tcp
公鸡\stand.tcp
公鸡\walk.tcp
公鹿\stand.tcp
公鹿\walk.tcp
狗\stand.tcp
狗\walk.tcp
蝴蝶红\stand.tcp
蝴蝶黄\stand.tcp
蝴蝶兰\stand.tcp
蝴蝶绿\stand.tcp
灵光\stand.tcp
马\stand.tcp
蜜蜂\stand.tcp
蜜蜂\walk.tcp
母鸡\stand.tcp
牛\stand.tcp
螃蟹\stand.tcp
螃蟹\walk.tcp
兔子\stand.tcp
兔子\walk.tcp
乌鸦\stand.tcp
仙鹤\stand.tcp
仙鹤\walk.tcp
小鸡\stand.tcp
蝎子\stand.tcp
蝎子\walk.tcp
游鱼\stand.tcp
游鱼\walk.tcp
鱼跃\stand.tcp
objlist.txt
冰雹声1.txt
冰雹声2.txt
冰雹声3.txt
操练声1.txt
操练声2.txt
操练声3.txt
操练声4.txt
操练声5.txt
操练声6.txt
虫叫声.TXT
打铁声1.txt
打铁声2.txt
打铁声3.txt
打铁声4.txt
打铁声5.txt
打铁声6.txt
灯01_朱紫国.tcp
灯01_朱紫国.txt
洞口闪烁_蓬莱.tcp
洞口闪烁_蓬莱.txt
毒雾1.tcp
毒雾1.txt
毒雾2.tcp
毒雾2.txt
飞鸟.txt
风声1.txt
风声2.txt
风声3.txt
风声4.txt
风声5.txt
风声6.txt
凤鸣声1.txt
凤鸣声2.txt
凤鸣声3.txt
凤鸣声4.txt
公鸡2.txt
公鸡a.txt
公鸡b.txt
公鸡c.txt
公鸡d.txt
公鹿1a.txt
公鹿1b.txt
公鹿1c.txt
公鹿1d.txt
公鹿2.txt
篝火燃烧声.TXT
狗.txt
光线流入_蓬莱.tcp
光线流入_蓬莱.txt
光晕0.tcp
光晕0.txt
光晕1.tcp
光晕1.txt
光晕2.tcp
光晕2.txt
海潮声1.txt
海潮声2.txt
海潮声3.txt
海潮声4.txt
海潮声5.txt
海潮声6.txt
海鸟声1.txt
海鸟声2.txt
海鸟声3.txt
红蝴蝶1a.txt
红蝴蝶1b.txt
红蝴蝶1c.txt
红蝴蝶1d.txt
红蝴蝶2.txt
猴戏声1.txt
猴戏声2.txt
猴戏声3.txt
猴戏声4.txt
猴戏声5.txt
猴戏声6.txt
皇宫大门灯光01_朱紫国.tcp
皇宫大门灯光01_朱紫国.txt
皇宫大门灯光02_朱紫国.tcp
皇宫大门灯光02_朱紫国.txt
皇宫大门灯光03_朱紫国.tcp
皇宫大门灯光03_朱紫国.txt
黄蝴蝶1a.txt
黄蝴蝶1b.txt
黄蝴蝶1c.txt
黄蝴蝶1d.txt
黄蝴蝶2.txt
火堆1.tcp
火堆1.txt
火堆2.tcp
火堆2.txt
火堆3.tcp
火堆3.txt
火堆4.tcp
火堆4.txt
火堆5.tcp
火堆5.txt
火光1.tcp
火光1.txt
火光2.tcp
火光2.txt
火燃烧6.TXT
鸡叫声1.txt
鸡叫声2.txt
鸡叫声3.txt
鸡叫声4.txt
鸡叫声5.txt
鸡叫声6.txt
鸡叫声7.txt
鸡叫声8.txt
净瓶流水.tcp
净瓶流水.txt
兰蝴蝶1a.txt
兰蝴蝶1b.txt
兰蝴蝶1c.txt
兰蝴蝶1d.txt
兰蝴蝶2.txt
雷鸣声1.txt
雷鸣声2.txt
雷鸣声3.txt
雷鸣声4.txt
雷鸣声5.txt
灵光1.txt
灵光2.txt
流水声1.txt
流水声2.txt
流水声3.txt
流水声4.txt
流水声5.txt
流水声6.txt
流水声7.txt
流水声8.txt
炉火1.tcp
炉火1.txt
炉火2.tcp
炉火2.txt
炉火3.tcp
炉火3.txt
绿蝴蝶1a.txt
绿蝴蝶1b.txt
绿蝴蝶1c.txt
绿蝴蝶1d.txt
绿蝴蝶2.txt
马a.txt
马b.txt
马c.txt
马d.txt
马叫声1.txt
马叫声2.txt
马叫声3.txt
门帘_獬豸洞.tcp
门帘_獬豸洞.txt
蜜蜂.txt
母鸡1a.txt
母鸡1b.txt
母鸡1c.txt
母鸡1d.txt
母鸡2.txt
木鱼声1.txt
木鱼声2.txt
木鱼声3.txt
念经声1.txt
念经声2.txt
念经声3.txt
鸟鸣声1.txt
鸟鸣声2.txt
鸟鸣声3.txt
鸟鸣声4.txt
鸟鸣声5.txt
鸟鸣声6.txt
鸟声10.TXT
鸟声7.TXT
鸟声8.TXT
鸟声9.TXT
牛a.txt
牛b.txt
牛c.txt
牛d.txt
牛叫声1.txt
牛叫声2.txt
牛叫声3.txt
螃蟹1a.txt
螃蟹1b.txt
螃蟹1c.txt
螃蟹1d.txt
螃蟹2.txt
蓬莱_传送光柱.tcp
蓬莱_传送光柱.txt
飘落的桃花花瓣1_蓬莱.tcp
飘落的桃花花瓣1_蓬莱.txt
飘落的桃花花瓣2_蓬莱.tcp
飘落的桃花花瓣2_蓬莱.txt
瀑布声9.txt
旗帜1.tcp
旗帜1.txt
旗帜2.tcp
旗帜2.txt
旗子或布飘动声.TXT
敲钟声1.txt
敲钟声2.txt
敲钟声3.txt
敲钟声4.txt
敲钟声5.txt
敲钟声6.txt
燃烧声1.txt
燃烧声2.txt
燃烧声3.txt
燃烧声4.txt
燃烧声5.txt
闪电牢房.tcp
闪电牢房.txt
蛇行声1.txt
蛇行声2.txt
蛇行声3.txt
圣山旗.tcp
圣山旗.txt
市集声1.txt
市集声2.txt
市集声3.txt
兽吼声1.txt
兽吼声2.txt
兽吼声3.txt
兽吼声4.txt
兽吼声5.txt
兽吼声6.txt
兽吼声7.txt
兽吼声8.txt
兽吼声9.txt
水滴声1.txt
水滴声2.txt
水滴声3.txt
水滴声4.txt
水滴声5.txt
水滴声6.txt
水滴声7.txt
水滴声8.txt
水花1.tcp
水花1.txt
水花2.tcp
水花2.txt
水泡1.tcp
水泡1.txt
水泡2.tcp
水泡2.txt
水泡3.tcp
水泡3.txt
水泡声.TXT
水圈1.tcp
水圈1.txt
水圈2.tcp
水圈2.txt
水圈3.tcp
水圈3.txt
水圈4.tcp
水圈4.txt
体积光束01_蓬莱.tcp
体积光束01_蓬莱.txt
体积光束02_蓬莱.tcp
体积光束02_蓬莱.txt
跳转1.tcp
跳转1.txt
跳转2.tcp
跳转2.txt
跳转3.txt
铁链声1.txt
铁链声2.txt
铁链声3.txt
铁链声4.txt
铁链声5.txt
铁链声6.txt
兔子1a.txt
兔子1b.txt
兔子1c.txt
兔子1d.txt
兔子2.txt
兔子3.txt
蛙鸣声1.txt
蛙鸣声2.txt
蛙鸣声3.txt
威武声1.txt
威武声2.txt
乌鸦.txt
仙鹤1a.txt
仙鹤1b.txt
仙鹤1c.txt
仙鹤1d.txt
仙鹤2.txt
香火.tcp
香火.txt
香炉的炉口_蓬莱.tcp
香炉的炉口_蓬莱.txt
香炉烟1.tcp
香炉烟1.txt
香炉烟2.tcp
香炉烟2.txt
小鸡1a.txt
小鸡1b.txt
小鸡1c.txt
小鸡1d.txt
小鸡2.txt
蝎子1a.txt
蝎子1b.txt
蝎子1c.txt
蝎子1d.txt
蝎子2.txt
星点闪烁01_蓬莱.tcp
星点闪烁01_蓬莱.txt
星点闪烁02_蓬莱.tcp
星点闪烁02_蓬莱.txt
星光1.tcp
星光1.txt
星光2.tcp
星光2.txt
星星点点02.tcp
星星点点02.txt
星星点点04.tcp
星星点点04.txt
岩浆.tcp
岩浆.txt
游鱼.txt
鱼跃.txt
雨声1.txt
雨声2.txt
雨声3.txt
雨声4.txt
雨声5.txt
招牌晃动声1.txt
招牌晃动声2.txt
招牌晃动声3.txt
招牌晃动声4.txt
烛火1.tcp
烛火1.txt
烛火2.tcp
烛火2.txt
