// wzife.wdf wzife.wd1的文件列表，完成度83.3%

chatbg.bmp
chatbg0.bmp
chatbg1.bmp
chatbg2.bmp
chatbg3.bmp
chatbg4.bmp
chatbg5.bmp
chatbg6.bmp
chatbg7.bmp
chatbg8.bmp
chatbg9.bmp
splitbar.bmp
act\亲近.tcp
act\休息.tcp
act\发怒.tcp
act\吃惊.tcp
act\悲伤.tcp
act\招呼.tcp
act\攻击.tcp
act\施法.tcp
act\晕倒.tcp
act\站立.tcp
act\舞蹈.tcp
act\跑步.tcp
auction\auctionsaleitem.tcp
auction\auctionsalesummon.tcp
auction\choose.tcp
auction\dlgmyauction.tcp
auction\dlgnauctionitem.tcp
auction\dlgnauctionsum.tcp
auction\itemprice.tcp
auction\sumprice0.tcp
auction\sumprice1.tcp
auction\sumprice2.tcp
auction\sumselected.tcp
auction\sumselecting.tcp
button\1.tcp
button\10.tcp
button\10d.tcp
button\11.tcp
button\11d.tcp
button\12.tcp
button\12d.tcp
button\1d.tcp
button\2.tcp
button\2d.tcp
button\3.tcp
button\3d.tcp
button\4.tcp
button\4d.tcp
button\5.tcp
button\5d.tcp
button\6.tcp
button\6d.tcp
button\7.tcp
button\7d.tcp
button\8.tcp
button\8d.tcp
button\9.tcp
button\9d.tcp
button\add.tcp
button\aolai.tcp
button\arrowdown.tcp
button\arrowup.tcp
button\attack.tcp
button\auto.tcp
button\bag.tcp
button\bagd.tcp
button\bigfish0.tcp
button\bigfish1.tcp
button\bigfish2.tcp
button\bigfish3.tcp
button\bigfish4.tcp
button\button.tcp
button\bypass.tcp
button\cast.tcp
button\celerity.tcp
button\changan.tcp
button\changshou.tcp
button\chklongbtn.tcp
button\closebtn.tcp
button\colorbtn.tcp
button\colorsel.tcp
button\down.tcp
button\dragbtn.tcp
button\dropdownbtn.tcp
button\emote.tcp
button\emoteselecting.tcp
button\experience.tcp
button\fadd.tcp
button\fdown.tcp
button\fishques.tcp
button\forcesel.tcp
button\forfex.tcp
button\framebtn.tcp
button\framebtn1.tcp
button\framebtn2.tcp
button\framebtnsmall.tcp
button\friend.tcp
button\fsub.tcp
button\fup.tcp
button\give.tcp
button\groupchatbtn.tcp
button\groupchatbtnd.tcp
button\guild.tcp
button\headimg.tcp
button\headinfobtn.tcp
button\helphead.tcp
button\hero.tcp
button\incline.tcp
button\item.tcp
button\itembk.tcp
button\itemselected.tcp
button\itemselecting.tcp
button\itm.tcp
button\itmd.tcp
button\jianye.tcp
button\keybtn.tcp
button\keybtns
button\lantern.tcp
button\largebtn.tcp
button\longbtn.tcp
button\magic.tcp
button\mouseleft.tcp
button\nerg.tcp
button\npcquery.tcp
button\osprey.tcp
button\packet.tcp
button\packicon.tcp
button\pet.tcp
button\petfeed.tcp
button\petrename.tcp
button\petshow.tcp
button\photoselframe.tcp
button\ques.tcp
button\question.tcp
button\quit.tcp
button\redclose.tcp
button\scrollblock.tcp
button\scrollbox.tcp
button\sdown.tcp
button\searchfriend.tcp
button\sel.tcp
button\settingbox.tcp
button\shortbtn.tcp
button\sign_left.tcp
button\singlebtn.tcp
button\singledown.tcp
button\slide.tcp
button\smallbtn.tcp
button\small_b_btn.tcp
button\squarebtn1.tcp
button\squarebtn2.tcp
button\squarebtn3.tcp
button\stone.tcp
button\sub.tcp
button\suitb.tcp
button\suitbtn.tcp
button\suitchangebtn.tcp
button\suitr.tcp
button\sum.tcp
button\sumbtn.tcp
button\sup.tcp
button\sys.tcp
button\t1.tcp
button\t2.tcp
button\task.tcp
button\taskhead.tcp
button\team.tcp
button\trade.tcp
button\treasure.tcp
button\turnbtn.tcp
button\unsel.tcp
button\up.tcp
button\uprightness.tcp
button\warcall.tcp
button\warcatch.tcp
button\warcmd.tcp
button\wardefend.tcp
button\warfabao.tcp
button\warhandle.tcp
button\waritem.tcp
button\warmagic.tcp
button\warprotect.tcp
button\warrunaway.tcp
button\warsp.tcp
button\waruncall.tcp
button\zhuzi.tcp
button\keybtns\0-a.tcp
button\keybtns\1-a.tcp
button\keybtns\2-a.tcp
button\keybtns\3-a.tcp
button\keybtns\4-a.tcp
button\keybtns\5-a.tcp
button\keybtns\6-a.tcp
button\keybtns\7-a.tcp
button\keybtns\8-a.tcp
button\keybtns\9-a.tcp
button\keybtns\a-a.tcp
button\keybtns\b-a.tcp
button\keybtns\back-a.tcp
button\keybtns\c-a.tcp
button\keybtns\d-a.tcp
button\keybtns\e-a.tcp
button\keybtns\f-a.tcp
button\keybtns\g-a.tcp
button\keybtns\h-a.tcp
button\keybtns\i-a.tcp
button\keybtns\j-a.tcp
button\keybtns\k-a.tcp
button\keybtns\l-a.tcp
button\keybtns\m-a.tcp
button\keybtns\n-a.tcp
button\keybtns\o-a.tcp
button\keybtns\p-a.tcp
button\keybtns\q-a.tcp
button\keybtns\r-a.tcp
button\keybtns\s-a.tcp
button\keybtns\smallkeyboard.tcp
button\keybtns\t-a.tcp
button\keybtns\u-a.tcp
button\keybtns\v-a.tcp
button\keybtns\w-a.tcp
button\keybtns\x-a.tcp
button\keybtns\y-a.tcp
button\keybtns\z-a.tcp
chat\actuationchannel.tcp
chat\add.tcp
chat\autoscroll.tcp
chat\autoscroll2.tcp
chat\baduser.tcp
chat\changebg.tcp
chat\channel.tcp
chat\channelbar.tcp
chat\channelselected.tcp
chat\channelselecting.tcp
chat\chatwin.tcp
chat\clear.tcp
chat\couplechannel.tcp
chat\cup.tcp
chat\currentchannel.tcp
chat\down.tcp
chat\drag.tcp
chat\gmchannel.tcp
chat\groupchannel.tcp
chat\orgchannel.tcp
chat\output.tcp
chat\privatechannel.tcp
chat\query.tcp
chat\rumorchannel.tcp
chat\schoolchannel.tcp
chat\split.tcp
chat\sub.tcp
chat\teamchannel.tcp
chat\union.tcp
chat\up.tcp
chat\worldchannel.tcp
cheer\dlgapplyplace.tcp
cheer\dlgqueryplace.tcp
cheer\grid.tcp
chess\bchess.tcp
chess\bchessbig.tcp
chess\cursor.tcp
chess\wchess.tcp
chess\wchessbig.tcp
cursor\01.tcp
cursor\02.tcp
cursor\03.tcp
cursor\04.tcp
cursor\05.tcp
cursor\06.tcp
cursor\07.tcp
cursor\08.tcp
cursor\09.tcp
cursor\10.tcp
cursor\11.tcp
cursor\12.tcp
cursor\13.tcp
cursor\14.tcp
cursor\15.tcp
cursor\16.tcp
cursor\17.tcp
cursor\18.tcp
cursor\19.tcp
cursor\20.tcp
cursor\21.tcp
cursor\22.tcp
cursor\23.tcp
dafuweng\01.tcp
dafuweng\02.tcp
dafuweng\03.tcp
dafuweng\04.tcp
dafuweng\100.tcp
dafuweng\1000.tcp
dafuweng\101.tcp
dafuweng\102.tcp
dafuweng\103.tcp
dafuweng\104.tcp
dafuweng\200.tcp
dafuweng\201.tcp
dafuweng\202.tcp
dafuweng\203.tcp
dafuweng\204.tcp
dafuweng\300.tcp
dafuweng\301.tcp
dafuweng\302.tcp
dafuweng\303.tcp
dafuweng\304.tcp
dafuweng\400.tcp
dafuweng\401.tcp
dafuweng\402.tcp
dafuweng\403.tcp
dafuweng\404.tcp
dafuweng\500.tcp
dafuweng\600.tcp
dafuweng\700.tcp
dafuweng\800.tcp
dafuweng\900.tcp
dafuweng\desert.jpg
dafuweng\forest.jpg
dafuweng\sea.jpg
dialog\aboutshop.tcp
dialog\acceptdlg.tcp
dialog\adeditshow.tcp
dialog\al.tcp
dialog\aolaifish.tcp
dialog\appform.tcp
dialog\aptitude.tcp
dialog\autore.tcp
dialog\baduser.tcp
dialog\bigbuy.tcp
dialog\buildstate.tcp
dialog\buy.tcp
dialog\buycard.tcp
dialog\buyshop.tcp
dialog\bwchess.tcp
dialog\cardrequestlist.tcp
dialog\cardrequestset.tcp
dialog\changshou.tcp
dialog\chatroom1.tcp
dialog\chatroom2.tcp
dialog\chatroom3.tcp
dialog\chatroom4.tcp
dialog\chatroom5.tcp
dialog\chatroom6.tcp
dialog\checkbill.tcp
dialog\childequip.tcp
dialog\color.tcp
dialog\confirm.tcp
dialog\createfaction.tcp
dialog\createteam.tcp
dialog\dlgcmd.tcp
dialog\dlgcommunity.tcp
dialog\dlgeditcmd.tcp
dialog\dlgerror.tcp
dialog\dlgfeehistory.tcp
dialog\dlgfirework.tcp
dialog\dlghelp.tcp
dialog\dlghomeadm.tcp
dialog\dlginfo.tcp
dialog\dlgitemcomm.tcp
dialog\dlglist.tcp
dialog\dlgmagzine.tcp
dialog\dlgmycollect.tcp
dialog\dlgnewbieguide.tcp
dialog\dlgnewbiehelp.tcp
dialog\dlgolympic.tcp
dialog\dlgpaylist.tcp
dialog\dlgquit.tcp
dialog\dlgregist_new.tcp
dialog\dlgride.tcp
dialog\dlgrolehead.tcp
dialog\dlgroleheadbg.tcp
dialog\dlgserverstore.tcp
dialog\dlgshowequip.tcp
dialog\dlgstore.tcp
dialog\dlgvirtualitem.tcp
dialog\dlgvirtualitem2.tcp
dialog\dlgxiulian.tcp
dialog\dropdownbg.tcp
dialog\dupnote.tcp
dialog\duptask.tcp
dialog\dupteaminfo.tcp
dialog\dupteamlist.tcp
dialog\dupteamlist1.tcp
dialog\emote.tcp
dialog\euipdecdlg.tcp
dialog\exchange.tcp
dialog\explorenote.tcp
dialog\fabricate.tcp
dialog\factionhistory.tcp
dialog\factionnote.tcp
dialog\factionnotelist.tcp
dialog\factionnoteread.tcp
dialog\factionstatus.tcp
dialog\fairyfriendmail.tcp
dialog\fairymail.tcp
dialog\fairysend.tcp
dialog\feequery.tcp
dialog\findgroup.tcp
dialog\fishtrade.tcp
dialog\forcesel.tcp
dialog\fortunesort.tcp
dialog\forum.tcp
dialog\frame.tcp
dialog\friendlist.tcp
dialog\friendmail.tcp
dialog\friendprop.tcp
dialog\furpage.tcp
dialog\fushi_combo.tcp
dialog\fushi_init.tcp
dialog\gain.tcp
dialog\gaoshousort.tcp
dialog\giftbox.tcp
dialog\giving1.tcp
dialog\gmhead.tcp
dialog\gobang.tcp
dialog\goldenlock.tcp
dialog\groupchat.tcp
dialog\groupinfo.tcp
dialog\groupinfo_list.tcp
dialog\groupinfo_msg.tcp
dialog\groupinfo_set.tcp
dialog\gskill.tcp
dialog\infodlg.tcp
dialog\input.tcp
dialog\item.tcp
dialog\itemm1.tcp
dialog\itemn_hero.tcp
dialog\itemn_main.tcp
dialog\itemn_moeny.tcp
dialog\itemn_ride.tcp
dialog\itemn_summ.tcp
dialog\itemn_upgrade.tcp
dialog\itemr.tcp
dialog\items.tcp
dialog\joinfaction.tcp
dialog\jubaoinfo.tcp
dialog\jubaolist.tcp
dialog\juju.tcp
dialog\labelbk.tcp
dialog\labelbk1.tcp
dialog\learnskill.tcp
dialog\leavedlg.tcp
dialog\leavefurdlg.tcp
dialog\lianhuabk.tcp
dialog\lineup.tcp
dialog\list.tcp
dialog\listbk.tcp
dialog\listpanel.tcp
dialog\lock.tcp
dialog\lockdlg.tcp
dialog\lookthrough.tcp
dialog\mailhistory.tcp
dialog\makedlg.tcp
dialog\man.tcp
dialog\medcine.tcp
dialog\memberadm.tcp
dialog\memberadm1.tcp
dialog\mhfairy.tcp
dialog\middledlg.tcp
dialog\mskill.tcp
dialog\mudemote.tcp
dialog\newnote.tcp
dialog\new_npcchat.tcp
dialog\noteread.tcp
dialog\npcchat.tcp
dialog\npcquery.tcp
dialog\ophelp.tcp
dialog\orgskill.tcp
dialog\paperpage1.tcp
dialog\passlock.tcp
dialog\pawn.tcp
dialog\pedlerylastweekhead.tcp
dialog\pedleryweek.tcp
dialog\pet.tcp
dialog\petadopt.tcp
dialog\photoseldlg.tcp
dialog\pklist.tcp
dialog\playerprop.tcp
dialog\query.tcp
dialog\reason.tcp
dialog\recordlist.tcp
dialog\recvmail.tcp
dialog\redeem.tcp
dialog\revertnote.tcp
dialog\richman.tcp
dialog\rideskill.tcp
dialog\savehead.tcp
dialog\saving.tcp
dialog\sbuy.tcp
dialog\schooltop.tcp
dialog\scorelist.tcp
dialog\scoretitle.tcp
dialog\searchfriend.tcp
dialog\selectchannel.tcp
dialog\sell.tcp
dialog\sellcard.tcp
dialog\sellrequestcard.tcp
dialog\sellshop.tcp
dialog\sendmail.tcp
dialog\servedlg.tcp
dialog\setpass.tcp
dialog\setpopedom.tcp
dialog\setting.tcp
dialog\setting2.tcp
dialog\setting3.tcp
dialog\shopadm.tcp
dialog\shopitem.tcp
dialog\shoplist.tcp
dialog\shopsort.tcp
dialog\shopsum.tcp
dialog\shoptype.tcp
dialog\silverlock.tcp
dialog\skillstudy.tcp
dialog\smallitem.tcp
dialog\sskill.tcp
dialog\stall.tcp
dialog\stallitem.tcp
dialog\stallsum.tcp
dialog\status.tcp
dialog\storage.tcp
dialog\storenameinput.tcp
dialog\storenameset.tcp
dialog\suit_change.tcp
dialog\summon.tcp
dialog\summontrade1.tcp
dialog\summontrain.tcp
dialog\summon_lianhua.tcp
dialog\supportfaction.tcp
dialog\sysmail.tcp
dialog\sysmsg.tcp
dialog\systemlock.tcp
dialog\tandslist.tcp
dialog\task.tcp
dialog\team.tcp
dialog\teamrequest.tcp
dialog\title.tcp
dialog\topfaction.tcp
dialog\trade1.tcp
dialog\txtpatch.tcp
dialog\unlock.tcp
dialog\urslock.tcp
dialog\useitem.tcp
dialog\username.tcp
dialog\vcard.tcp
dialog\viewsummon.tcp
dialog\vote.tcp
dialog\waitteam.tcp
dialog\warmagic10.tcp
dialog\warmagic14.tcp
dialog\warmagic20.tcp
dialog\warmagic30.tcp
dialog\warrole.tcp
dialog\warsp.tcp
dialog\warsummon.tcp
dialog\warSummonSel.tcp
dialog\withdraw.tcp
dialog\xskill.tcp
emote\000.tcp
emote\001.tcp
emote\002.tcp
emote\003.tcp
emote\004.tcp
emote\005.tcp
emote\006.tcp
emote\007.tcp
emote\008.tcp
emote\009.tcp
emote\010.tcp
emote\011.tcp
emote\012.tcp
emote\013.tcp
emote\014.tcp
emote\015.tcp
emote\016.tcp
emote\017.tcp
emote\018.tcp
emote\019.tcp
emote\020.tcp
emote\021.tcp
emote\022.tcp
emote\023.tcp
emote\024.tcp
emote\025.tcp
emote\026.tcp
emote\027.tcp
emote\028.tcp
emote\029.tcp
emote\030.tcp
emote\031.tcp
emote\032.tcp
emote\033.tcp
emote\034.tcp
emote\035.tcp
emote\036.tcp
emote\037.tcp
emote\038.tcp
emote\039.tcp
emote\040.tcp
emote\041.tcp
emote\042.tcp
emote\043.tcp
emote\044.tcp
emote\045.tcp
emote\046.tcp
emote\047.tcp
emote\048.tcp
emote\049.tcp
emote\050.tcp
emote\051.tcp
emote\052.tcp
emote\053.tcp
emote\054.tcp
emote\055.tcp
emote\056.tcp
emote\057.tcp
emote\058.tcp
emote\059.tcp
emote\060.tcp
emote\061.tcp
emote\062.tcp
emote\063.tcp
emote\064.tcp
emote\074.tcp
emote\075.tcp
emote\076.tcp
emote\077.tcp
emote\078.tcp
emote\079.tcp
emote\080.tcp
emote\081.tcp
emote\082.tcp
emote\083.tcp
emote\084.tcp
emote\085.tcp
emote\086.tcp
emote\087.tcp
emote\088.tcp
emote\089.tcp
emote\090.tcp
emote\091.tcp
emote\092.tcp
emote\093.tcp
emote\094.tcp
emote\095.tcp
emote\096.tcp
emote\097.tcp
emote\098.tcp
emote\099.tcp
emote\101.tcp
emote\102.tcp
emote\103.tcp
emote\104.tcp
emote\105.tcp
emote\106.tcp
emote\107.tcp
emote\108.tcp
emote\109.tcp
emote\110.tcp
emote\111.tcp
emote\112.tcp
emote\113.tcp
emote\114.tcp
emote\115.tcp
emote\116.tcp
emote\400.tcp
emote\401.tcp
emote\402.tcp
emote\403.tcp
emote\404.tcp
emote\405.tcp
emote\406.tcp
emote\407.tcp
emote\408.tcp
emote\409.tcp
emote\410.tcp
emote\411.tcp
emote\412.tcp
emote\413.tcp
emote\414.tcp
emote\415.tcp
emote\416.tcp
emote\417.tcp
emote\418.tcp
emote\419.tcp
emote\420.tcp
emote\421.tcp
emote\422.tcp
emote\423.tcp
emote\424.tcp
emote\425.tcp
emote\426.tcp
emote\427.tcp
emote\428.tcp
emote\429.tcp
emote\430.tcp
emote\431.tcp
emote\432.tcp
emote\433.tcp
emote\434.tcp
emote\435.tcp
emote\436.tcp
emote\437.tcp
emote\438.tcp
emote\439.tcp
emote\440.tcp
emote\441.tcp
emote\442.tcp
emote\443.tcp
emote\444.tcp
emote\445.tcp
emote\446.tcp
emote\447.tcp
emote\448.tcp
emote\449.tcp
emote\450.tcp
emote\451.tcp
emote\452.tcp
emote\453.tcp
emote\454.tcp
emote\455.tcp
emote\456.tcp
emote\457.tcp
emote\458.tcp
emote\459.tcp
emote\460.tcp
emote\461.tcp
emote\462.tcp
emote\463.tcp
emote\464.tcp
emote\465.tcp
emote\466.tcp
emote\467.tcp
emote\468.tcp
emote\500.tcp
emote\501.tcp
emote\502.tcp
emote\511.tcp
emote\512.tcp
emote\513.tcp
emote\514.tcp
emote\515.tcp
emote\516.tcp
emote\610.tcp
emote\611.tcp
emote\612.tcp
emote\613.tcp
emote\614.tcp
emote\615.tcp
emote\616.tcp
emote\617.tcp
emote\618.tcp
emote\619.tcp
emote\620.tcp
emote\621.tcp
emote\622.tcp
emote\623.tcp
emote\624.tcp
emote\625.tcp
emote\626.tcp
emote\627.tcp
emote\628.tcp
emote\629.tcp
emote\630.tcp
emote\631.tcp
emote\632.tcp
emote\633.tcp
emote\634.tcp
emote\635.tcp
emote\650.tcp
emote\651.tcp
emote\652.tcp
emote\653.tcp
emote\700.tcp
emote\701.tcp
emote\702.tcp
emote\703.tcp
emote\704.tcp
emote\705.tcp
emote\706.tcp
emote\707.tcp
emote\708.tcp
emote\709.tcp
emote\710.tcp
emote\711.tcp
emote\712.tcp
emote\713.tcp
emote\714.tcp
emote\715.tcp
emote\716.tcp
emote\717.tcp
emote\718.tcp
emote\719.tcp
emote\720.tcp
emote\721.tcp
emote\722.tcp
emote\723.tcp
emote\724.tcp
emote\725.tcp
emote\726.tcp
emote\727.tcp
emote\728.tcp
emote\729.tcp
emote\730.tcp
emote\731.tcp
emote\732.tcp
emote\733.tcp
emote\734.tcp
emote\735.tcp
emote\736.tcp
emote\737.tcp
emote\738.tcp
emote\739.tcp
emote\740.tcp
emote\741.tcp
emote\742.tcp
emote\743.tcp
emote\744.tcp
emote\745.tcp
emote\746.tcp
emote\747.tcp
emote\748.tcp
emote\749.tcp
emote\750.tcp
emote\751.tcp
emote\752.tcp
emote\753.tcp
emote\754.tcp
emote\755.tcp
emote\756.tcp
emote\757.tcp
emote\758.tcp
emote\759.tcp
emote\760.tcp
emote\761.tcp
emote\762.tcp
emote\763.tcp
emote\764.tcp
emote\765.tcp
emote\766.tcp
emote\767.tcp
emote\768.tcp
fabao\bagua.tcp
fabao\baguaani.tcp
fabao\camp.tcp
fabao\dlgfabao.tcp
fabao\dlgsmith.tcp
fabao\dlgwarfabao.tcp
fabao\fabao1.tcp
fabao\fabao2.tcp
fabao\fabao3.tcp
fabao\fabao4.tcp
fabao\fabaobtn.tcp
fabao\fabaobtnd.tcp
fabao\huosmith.tcp
fabao\jinsmith.tcp
fabao\musmith.tcp
fabao\separate.tcp
fabao\shuismith.tcp
fabao\tusmith.tcp
faction\panel1.tcp
faction\panel2.tcp
faction\panel3.tcp
faction\panel4.tcp
faction\panel5.tcp
faction\panel6.tcp
family\logo
family\logo\000.tcp
family\logo\001.tcp
family\logo\002.tcp
family\logo\003.tcp
family\logo\004.tcp
family\logo\005.tcp
family\logo\006.tcp
family\logo\007.tcp
family\logo\008.tcp
family\logo\009.tcp
family\logo\010.tcp
family\logo\011.tcp
family\logo\012.tcp
family\logo\013.tcp
family\logo\014.tcp
family\logo\015.tcp
family\logo\016.tcp
family\logo\017.tcp
family\logo\018.tcp
family\logo\019.tcp
family\logo\020.tcp
family\logo\021.tcp
family\logo\022.tcp
family\logo\023.tcp
family\logo\024.tcp
family\logo\025.tcp
family\logo\026.tcp
family\logo\027.tcp
family\logo\028.tcp
family\logo\029.tcp
family\logo\030.tcp
family\logo\031.tcp
family\logo\032.tcp
family\logo\033.tcp
family\logo\034.tcp
family\logo\035.tcp
family\logo\036.tcp
family\logo\037.tcp
family\logo\038.tcp
family\logo\039.tcp
family\logo\040.tcp
family\logo\041.tcp
family\logo\042.tcp
family\logo\043.tcp
family\logo\044.tcp
family\logo\045.tcp
family\logo\046.tcp
family\logo\047.tcp
family\logo\048.tcp
family\logo\049.tcp
family\logo\050.tcp
family\logo\051.tcp
family\logo\052.tcp
family\logo\053.tcp
family\logo\054.tcp
family\logo\055.tcp
family\logo\056.tcp
family\logo\057.tcp
family\logo\058.tcp
family\logo\059.tcp
family\logo\060.tcp
family\logo\061.tcp
family\logo\062.tcp
family\logo\063.tcp
family\logo\064.tcp
family\logo\065.tcp
family\logo\066.tcp
family\logo\067.tcp
family\logo\068.tcp
family\logo\069.tcp
family\logo\070.tcp
family\logo\071.tcp
family\logo\072.tcp
family\logo\073.tcp
family\logo\074.tcp
family\logo\075.tcp
family\logo\076.tcp
family\logo\077.tcp
family\logo\078.tcp
family\logo\079.tcp
family\logo\080.tcp
family\logo\081.tcp
family\logo\082.tcp
family\logo\083.tcp
family\logo\084.tcp
family\logo\085.tcp
family\logo\086.tcp
family\logo\087.tcp
family\logo\088.tcp
family\logo\089.tcp
family\logo\090.tcp
family\logo\091.tcp
family\logo\092.tcp
family\logo\093.tcp
family\logo\094.tcp
family\logo\095.tcp
family\logo\096.tcp
family\logo\097.tcp
family\logo\098.tcp
family\logo\099.tcp
family\logo\100.tcp
family\logo\101.tcp
family\logo\102.tcp
family\logo\103.tcp
family\logo\104.tcp
family\logo\105.tcp
family\logo\106.tcp
family\logo\107.tcp
family\logo\108.tcp
family\logo\109.tcp
family\logo\110.tcp
family\logo\111.tcp
family\logo\112.tcp
family\logo\113.tcp
family\logo\114.tcp
family\logo\115.tcp
family\logo\116.tcp
family\logo\117.tcp
family\logo\118.tcp
family\logo\119.tcp
family\logo\120.tcp
family\logo\121.tcp
family\logo\122.tcp
family\logo\123.tcp
family\logo\124.tcp
family\logo\125.tcp
family\logo\126.tcp
family\logo\127.tcp
family\logo\128.tcp
farm\button
farm\dlg
farm\image
farm\sprite
farm\button\clean.tcp
farm\button\feed.tcp
farm\button\status.tcp
farm\button\store.tcp
farm\button\wear.tcp
farm\dlg\main.tcp
farm\dlg\manage.tcp
farm\dlg\price.tcp
farm\dlg\record.tcp
farm\dlg\store.tcp
farm\dlg\tailleft.tcp
farm\dlg\tailright.tcp
farm\image\bridge.tcp
farm\image\brushwood.tcp
farm\image\bulrush.tcp
farm\image\cloud.tcp
farm\image\fog.tcp
farm\image\image.tcp
farm\image\water.tcp
farm\sprite\bear.tcp
farm\sprite\cattle.tcp
farm\sprite\chicken.tcp
farm\sprite\deer.tcp
farm\sprite\duck.tcp
farm\sprite\duckinvert.tcp
farm\sprite\fox.tcp
farm\sprite\goose.tcp
farm\sprite\gooseinvert.tcp
farm\sprite\horse.tcp
farm\sprite\pig.tcp
farm\sprite\sheep.tcp
fish\ani
fish\aolaiback1.tcp
fish\aolaiback2.tcp
fish\changshouback1.tcp
fish\changshouback2.tcp
fish\dice1.tcp
fish\dice2.tcp
fish\dice3.tcp
fish\dice4.tcp
fish\dice5.tcp
fish\dice6.tcp
fish\ani\changwater1.tcp
fish\ani\changwater2.tcp
fish\ani\diceani.tcp
fish\ani\fish1.tcp
fish\ani\fish2.tcp
fish\ani\fish3.tcp
fish\ani\fish4.tcp
fish\ani\fish5.tcp
fish\ani\frog.tcp
fish\ani\waterfish.tcp
fish\ani\海鸥.tcp
fish\ani\鲨鱼翅.tcp
groupchat\1.tcp
groupchat\2.tcp
groupchat\3.tcp
groupchat\btn.tcp
groupchat\panel_down.tcp
groupchat\panel_mid.tcp
groupchat\panel_up.tcp
help\fingure1.tcp
help\leftclick.tcp
keyboardex\background.tcp
keyboardex\backspace.tcp
keyboardex\kb1.tcp
keyboardex\kb2.tcp
keyboardex\lock0.tcp
keyboardex\lock1.tcp
keyboardex\smallkeyboardbg.tcp
keyboardex\typebg.tcp
know\main.tcp
know\quescontent.tcp
know\question.tcp
know\selfinfo.tcp
know\subclass.tcp
liandan\main.tcp
liandan\sel.tcp
liandan\selani.tcp
liandan\yinyang.tcp
login\163_logo.tcp
login\accept.tcp
login\accountserve.tcp
login\action1.tcp
login\action2.tcp
login\action3.tcp
login\action4.tcp
login\activity
login\ani_change2.tcp
login\attrib_frame.tcp
login\back.tcp
login\background.jpg
login\background1.jpg
login\background1.wsg
login\background2.jpg
login\background2.wsg
login\background3.wsg
login\background4.wsg
login\background5.wsg
login\background6.wsg
login\btnrolefaction.tcp
login\btnroleinfo.tcp
login\btnroleweapon.tcp
login\btn_exit.tcp
login\btn_full.tcp
login\btn_home.tcp
login\btn_login.tcp
login\btn_register.tcp
login\btn_work.tcp
login\btn_work1.tcp
login\c0.tcp
login\c1.tcp
login\c2.tcp
login\c3.tcp
login\c4.tcp
login\c5.tcp
login\cancel.tcp
login\change1.tcp
login\change2.tcp
login\change3.tcp
login\color.tcp
login\color1.tcp
login\color2.tcp
login\color3.tcp
login\connect
login\continue.tcp
login\create.tcp
login\createrole.tcp
login\create_background.tcp
login\create_background1.tcp
login\create_introduce.tcp
login\create_introduce_bk.tcp
login\dlgroleinfo.tcp
login\down.tcp
login\exit.tcp
login\frame1.tcp
login\framemini1.tcp
login\input.tcp
login\inputname.tcp
login\jiangjunani.tcp
login\jiangjuntxt.tcp
login\leftbtn.tcp
login\logo.tcp
login\m1.tcp
login\m2.tcp
login\m3.tcp
login\m4.tcp
login\maintenance.tcp
login\matrixdlg.tcp
login\newbieguide.tcp
login\new_create.tcp
login\next.tcp
login\okbtn_small.tcp
login\passwd.tcp
login\photo
login\protocol.tcp
login\pwprotect.tcp
login\race.tcp
login\reject.tcp
login\return.tcp
login\rightbtn.tcp
login\roleselecting.tcp
login\role_frame.tcp
login\selectrole.tcp
login\selectserver.tcp
login\server1.tcp
login\server2.tcp
login\server3.tcp
login\server4.tcp
login\server5.tcp
login\server_explain.tcp
login\server_selected.tcp
login\sysbk.tcp
login\sysfg.tcp
login\sysnote_frame.tcp
login\up.tcp
login\xyqbbs.tcp
login\activity\保卫.tcp
login\activity\卡牌.tcp
login\activity\外族.tcp
login\activity\守军.tcp
login\activity\小龟.tcp
login\activity\帮赛.tcp
login\activity\幻境.tcp
login\activity\科举.tcp
login\activity\群英会.tcp
login\activity\节日.tcp
login\activity\英雄会.tcp
login\activity\迷宫.tcp
login\activity\钓鱼.tcp
login\activity\闯关.tcp
login\activity\降妖.tcp
login\connect\bottom.tcp
login\connect\connect.tcp
login\connect\connectclick.tcp
login\connect\connecthigh.tcp
login\connect\default.tcp
login\connect\defaulthigh.tcp
login\connect\dxhigh.tcp
login\connect\dxnormal.tcp
login\connect\eduhigh.tcp
login\connect\edunormal.tcp
login\connect\middle.tcp
login\connect\top.tcp
login\connect\wthigh.tcp
login\connect\wtnormal.tcp
login\photo\create
login\photo\selected
login\photo\create\剑侠客.tcp
login\photo\create\巨魔王.tcp
login\photo\create\狐美人.tcp
login\photo\create\玄彩娥.tcp
login\photo\create\神天兵.tcp
login\photo\create\舞天姬.tcp
login\photo\create\英女侠.tcp
login\photo\create\虎头怪.tcp
login\photo\create\逍遥生.tcp
login\photo\create\飞燕女.tcp
login\photo\create\骨精灵.tcp
login\photo\create\龙太子.tcp
login\photo\selected\剑侠客.tcp
login\photo\selected\巨魔王.tcp
login\photo\selected\狐美人.tcp
login\photo\selected\玄彩娥.tcp
login\photo\selected\神天兵.tcp
login\photo\selected\舞天姬.tcp
login\photo\selected\英女侠.tcp
login\photo\selected\虎头怪.tcp
login\photo\selected\逍遥生.tcp
login\photo\selected\飞燕女.tcp
login\photo\selected\骨精灵.tcp
login\photo\selected\龙太子.tcp
magic\normal
magic\small
magic\normal\0001.tcp
magic\normal\0002.tcp
magic\normal\0004.tcp
magic\normal\0005.tcp
magic\normal\0006.tcp
magic\normal\0007.tcp
magic\normal\0008.tcp
magic\normal\0009.tcp
magic\normal\0010.tcp
magic\normal\0011.tcp
magic\normal\0012.tcp
magic\normal\0013.tcp
magic\normal\0014.tcp
magic\normal\0015.tcp
magic\normal\0016.tcp
magic\normal\0017.tcp
magic\normal\0018.tcp
magic\normal\0019.tcp
magic\normal\0020.tcp
magic\normal\0023.tcp
magic\normal\0024.tcp
magic\normal\0025.tcp
magic\normal\0029.tcp
magic\normal\0030.tcp
magic\normal\0031.tcp
magic\normal\0032.tcp
magic\normal\0033.tcp
magic\normal\0034.tcp
magic\normal\0035.tcp
magic\normal\0036.tcp
magic\normal\0037.tcp
magic\normal\0038.tcp
magic\normal\0039.tcp
magic\normal\0040.tcp
magic\normal\0041.tcp
magic\normal\0042.tcp
magic\normal\0043.tcp
magic\normal\0044.tcp
magic\normal\0045.tcp
magic\normal\0046.tcp
magic\normal\0047.tcp
magic\normal\0048.tcp
magic\normal\0049.tcp
magic\normal\0050.tcp
magic\normal\0051.tcp
magic\normal\0052.tcp
magic\normal\0053.tcp
magic\normal\0054.tcp
magic\normal\0055.tcp
magic\normal\0056.tcp
magic\normal\0057.tcp
magic\normal\0058.tcp
magic\normal\0059.tcp
magic\normal\0060.tcp
magic\normal\0061.tcp
magic\normal\0062.tcp
magic\normal\0063.tcp
magic\normal\0064.tcp
magic\normal\0065.tcp
magic\normal\0066.tcp
magic\normal\0067.tcp
magic\normal\0068.tcp
magic\normal\0069.tcp
magic\normal\0070.tcp
magic\normal\0071.tcp
magic\normal\0072.tcp
magic\normal\0073.tcp
magic\normal\0074.tcp
magic\normal\0075.tcp
magic\normal\0076.tcp
magic\normal\0077.tcp
magic\normal\0078.tcp
magic\normal\0079.tcp
magic\normal\0080.tcp
magic\normal\0081.tcp
magic\normal\0082.tcp
magic\normal\0083.tcp
magic\normal\0084.tcp
magic\normal\0085.tcp
magic\normal\0086.tcp
magic\normal\0087.tcp
magic\normal\0088.tcp
magic\normal\0089.tcp
magic\normal\0090.tcp
magic\normal\0151.tcp
magic\normal\0152.tcp
magic\normal\0153.tcp
magic\normal\0154.tcp
magic\normal\0155.tcp
magic\normal\0156.tcp
magic\normal\0157.tcp
magic\normal\0158.tcp
magic\normal\0159.tcp
magic\normal\0160.tcp
magic\normal\0161.tcp
magic\normal\0162.tcp
magic\normal\0163.tcp
magic\normal\0164.tcp
magic\normal\0165.tcp
magic\normal\0166.tcp
magic\normal\0201.tcp
magic\normal\0202.tcp
magic\normal\0203.tcp
magic\normal\0204.tcp
magic\normal\0205.tcp
magic\normal\0206.tcp
magic\normal\0207.tcp
magic\normal\0208.tcp
magic\normal\0209.tcp
magic\normal\0210.tcp
magic\normal\0211.tcp
magic\normal\0212.tcp
magic\normal\0213.tcp
magic\normal\0214.tcp
magic\normal\0215.tcp
magic\normal\0216.tcp
magic\normal\0217.tcp
magic\normal\0218.tcp
magic\normal\0301.tcp
magic\normal\0302.tcp
magic\normal\0303.tcp
magic\normal\0304.tcp
magic\normal\0305.tcp
magic\normal\0306.tcp
magic\normal\0307.tcp
magic\normal\0308.tcp
magic\normal\0309.tcp
magic\normal\0310.tcp
magic\normal\0311.tcp
magic\normal\0312.tcp
magic\normal\0313.tcp
magic\normal\0314.tcp
magic\normal\0315.tcp
magic\normal\0316.tcp
magic\normal\0317.tcp
magic\normal\0318.tcp
magic\normal\0319.tcp
magic\normal\0320.tcp
magic\normal\0321.tcp
magic\normal\0322.tcp
magic\normal\0323.tcp
magic\normal\0324.tcp
magic\normal\0325.tcp
magic\normal\0326.tcp
magic\normal\0327.tcp
magic\normal\0328.tcp
magic\normal\0329.tcp
magic\normal\0330.tcp
magic\normal\0331.tcp
magic\normal\0332.tcp
magic\normal\0333.tcp
magic\normal\0334.tcp
magic\normal\0335.tcp
magic\normal\0401.tcp
magic\normal\0402.tcp
magic\normal\0403.tcp
magic\normal\0404.tcp
magic\normal\0405.tcp
magic\normal\0406.tcp
magic\normal\0407.tcp
magic\normal\0408.tcp
magic\normal\0409.tcp
magic\normal\0410.tcp
magic\normal\0411.tcp
magic\normal\0412.tcp
magic\normal\0413.tcp
magic\normal\0414.tcp
magic\normal\0415.tcp
magic\normal\0416.tcp
magic\normal\0417.tcp
magic\normal\0418.tcp
magic\normal\0419.tcp
magic\normal\0420.tcp
magic\normal\0421.tcp
magic\normal\0422.tcp
magic\normal\0423.tcp
magic\normal\0424.tcp
magic\normal\0425.tcp
magic\normal\0426.tcp
magic\normal\0427.tcp
magic\normal\0428.tcp
magic\normal\0429.tcp
magic\normal\0430.tcp
magic\normal\0431.tcp
magic\normal\0432.tcp
magic\normal\0433.tcp
magic\normal\0434.tcp
magic\normal\0435.tcp
magic\normal\0501.tcp
magic\normal\0502.tcp
magic\normal\0503.tcp
magic\normal\0504.tcp
magic\normal\0505.tcp
magic\normal\0506.tcp
magic\normal\0507.tcp
magic\normal\0510.tcp
magic\normal\0551.tcp
magic\normal\0552.tcp
magic\normal\0553.tcp
magic\normal\0554.tcp
magic\normal\0555.tcp
magic\normal\0556.tcp
magic\normal\0557.tcp
magic\normal\0558.tcp
magic\normal\0559.tcp
magic\normal\0560.tcp
magic\normal\0561.tcp
magic\normal\0562.tcp
magic\normal\0563.tcp
magic\normal\0564.tcp
magic\normal\0565.tcp
magic\normal\0566.tcp
magic\normal\0567.tcp
magic\normal\0568.tcp
magic\normal\0569.tcp
magic\normal\0570.tcp
magic\normal\0571.tcp
magic\normal\0572.tcp
magic\normal\0573.tcp
magic\normal\0575.tcp
magic\normal\0576.tcp
magic\normal\0577.tcp
magic\normal\0578.tcp
magic\normal\0579.tcp
magic\normal\0581.tcp
magic\normal\0582.tcp
magic\normal\0583.tcp
magic\normal\0584.tcp
magic\normal\0585.tcp
magic\normal\0586.tcp
magic\normal\0587.tcp
magic\normal\0588.tcp
magic\normal\0589.tcp
magic\normal\0590.tcp
magic\normal\0591.tcp
magic\normal\0592.tcp
magic\normal\0593.tcp
magic\normal\0595.tcp
magic\normal\0596.tcp
magic\normal\0597.tcp
magic\normal\0598.tcp
magic\normal\0599.tcp
magic\normal\0600.tcp
magic\normal\0601.tcp
magic\normal\0602.tcp
magic\normal\0603.tcp
magic\normal\0604.tcp
magic\normal\0605.tcp
magic\normal\0606.tcp
magic\normal\0607.tcp
magic\normal\0608.tcp
magic\normal\0609.tcp
magic\normal\0610.tcp
magic\normal\0611.tcp
magic\normal\0612.tcp
magic\normal\1001.tcp
magic\normal\1002.tcp
magic\normal\1005.tcp
magic\normal\1006.tcp
magic\normal\1007.tcp
magic\normal\1008.tcp
magic\normal\1009.tcp
magic\normal\1011.tcp
magic\normal\1012.tcp
magic\normal\1014.tcp
magic\normal\1015.tcp
magic\normal\1016.tcp
magic\normal\1017.tcp
magic\normal\1018.tcp
magic\normal\1020.tcp
magic\normal\1021.tcp
magic\normal\1022.tcp
magic\normal\1023.tcp
magic\normal\1024.tcp
magic\normal\1025.tcp
magic\normal\1026.tcp
magic\normal\1027.tcp
magic\normal\1028.tcp
magic\normal\1029.tcp
magic\normal\1030.tcp
magic\normal\1031.tcp
magic\normal\1032.tcp
magic\normal\1033.tcp
magic\normal\1034.tcp
magic\normal\1035.tcp
magic\normal\1036.tcp
magic\normal\1037.tcp
magic\normal\1039.tcp
magic\normal\1040.tcp
magic\normal\1041.tcp
magic\normal\1042.tcp
magic\normal\1043.tcp
magic\normal\1044.tcp
magic\normal\1045.tcp
magic\normal\1046.tcp
magic\normal\1047.tcp
magic\normal\1048.tcp
magic\normal\1049.tcp
magic\normal\1050.tcp
magic\normal\1051.tcp
magic\normal\1052.tcp
magic\normal\1053.tcp
magic\normal\1054.tcp
magic\normal\1055.tcp
magic\normal\1056.tcp
magic\normal\1057.tcp
magic\normal\1058.tcp
magic\normal\1059.tcp
magic\normal\1060.tcp
magic\normal\1062.tcp
magic\normal\1064.tcp
magic\normal\1065.tcp
magic\normal\1066.tcp
magic\normal\1067.tcp
magic\normal\1068.tcp
magic\normal\1069.tcp
magic\normal\1070.tcp
magic\normal\1071.tcp
magic\normal\1072.tcp
magic\normal\1073.tcp
magic\normal\1074.tcp
magic\normal\1075.tcp
magic\normal\1076.tcp
magic\normal\1077.tcp
magic\normal\1078.tcp
magic\normal\1079.tcp
magic\normal\1080.tcp
magic\normal\1081.tcp
magic\normal\1082.tcp
magic\normal\1083.tcp
magic\normal\1084.tcp
magic\normal\1085.tcp
magic\normal\1086.tcp
magic\normal\1087.tcp
magic\normal\1088.tcp
magic\normal\1089.tcp
magic\normal\1090.tcp
magic\normal\1091.tcp
magic\normal\1093.tcp
magic\normal\1097.tcp
magic\normal\1098.tcp
magic\normal\1099.tcp
magic\normal\1100.tcp
magic\normal\1101.tcp
magic\normal\1102.tcp
magic\normal\1103.tcp
magic\normal\1104.tcp
magic\normal\1105.tcp
magic\normal\1106.tcp
magic\normal\1107.tcp
magic\normal\1108.tcp
magic\normal\1109.tcp
magic\normal\1110.tcp
magic\normal\1111.tcp
magic\normal\1112.tcp
magic\normal\1113.tcp
magic\normal\1114.tcp
magic\normal\1115.tcp
magic\normal\1116.tcp
magic\normal\1117.tcp
magic\normal\1118.tcp
magic\normal\1119.tcp
magic\normal\1120.tcp
magic\normal\1121.tcp
magic\normal\1122.tcp
magic\normal\1123.tcp
magic\normal\1124.tcp
magic\normal\1125.tcp
magic\normal\1126.tcp
magic\normal\1127.tcp
magic\normal\1128.tcp
magic\normal\1129.tcp
magic\normal\1130.tcp
magic\normal\1131.tcp
magic\normal\1132.tcp
magic\normal\1133.tcp
magic\normal\1134.tcp
magic\normal\1136.tcp
magic\normal\1140.tcp
magic\normal\1142.tcp
magic\normal\1146.tcp
magic\normal\1154.tcp
magic\normal\1156.tcp
magic\normal\1158.tcp
magic\normal\1159.tcp
magic\normal\1160.tcp
magic\normal\1201.tcp
magic\normal\1202.tcp
magic\normal\1203.tcp
magic\normal\1204.tcp
magic\normal\1205.tcp
magic\normal\1206.tcp
magic\normal\1207.tcp
magic\normal\1208.tcp
magic\normal\1209.tcp
magic\normal\1210.tcp
magic\normal\1211.tcp
magic\normal\1212.tcp
magic\normal\1213.tcp
magic\normal\1214.tcp
magic\normal\1215.tcp
magic\normal\1216.tcp
magic\normal\1217.tcp
magic\normal\1218.tcp
magic\normal\1219.tcp
magic\normal\1220.tcp
magic\normal\1221.tcp
magic\normal\1222.tcp
magic\normal\1223.tcp
magic\normal\1224.tcp
magic\normal\1225.tcp
magic\normal\1226.tcp
magic\normal\1227.tcp
magic\normal\1228.tcp
magic\normal\1229.tcp
magic\normal\1230.tcp
magic\normal\1231.tcp
magic\normal\1232.tcp
magic\normal\1301.tcp
magic\normal\1302.tcp
magic\normal\1303.tcp
magic\normal\1525.tcp
magic\normal\1526.tcp
magic\normal\1527.tcp
magic\normal\1528.tcp
magic\normal\1529.tcp
magic\normal\1530.tcp
magic\normal\1531.tcp
magic\normal\1532.tcp
magic\normal\1533.tcp
magic\normal\5001.tcp
magic\normal\5002.tcp
magic\normal\5003.tcp
magic\normal\5004.tcp
magic\normal\5005.tcp
magic\normal\5006.tcp
magic\normal\5007.tcp
magic\normal\5008.tcp
magic\normal\5009.tcp
magic\normal\5010.tcp
magic\normal\5011.tcp
magic\normal\5012.tcp
magic\normal\5013.tcp
magic\normal\5014.tcp
magic\normal\5015.tcp
magic\normal\5016.tcp
magic\normal\5017.tcp
magic\normal\5018.tcp
magic\normal\5019.tcp
magic\normal\5020.tcp
magic\normal\5021.tcp
magic\normal\5022.tcp
magic\normal\5023.tcp
magic\normal\5024.tcp
magic\normal\5025.tcp
magic\normal\5026.tcp
magic\normal\5027.tcp
magic\normal\5028.tcp
magic\normal\5029.tcp
magic\normal\5030.tcp
magic\normal\5031.tcp
magic\normal\5032.tcp
magic\normal\5033.tcp
magic\normal\5034.tcp
magic\normal\5035.tcp
magic\normal\5036.tcp
magic\normal\5037.tcp
magic\normal\5038.tcp
magic\normal\5039.tcp
magic\normal\5040.tcp
magic\normal\5041.tcp
magic\normal\5042.tcp
magic\normal\5043.tcp
magic\normal\5044.tcp
magic\normal\5045.tcp
magic\normal\5046.tcp
magic\normal\5047.tcp
magic\normal\5048.tcp
magic\normal\5049.tcp
magic\normal\5050.tcp
magic\normal\specskillflag.tcp
magic\small\0001.tcp
magic\small\0002.tcp
magic\small\0004.tcp
magic\small\0005.tcp
magic\small\0006.tcp
magic\small\0007.tcp
magic\small\0008.tcp
magic\small\0009.tcp
magic\small\0010.tcp
magic\small\0011.tcp
magic\small\0012.tcp
magic\small\0013.tcp
magic\small\0014.tcp
magic\small\0015.tcp
magic\small\0016.tcp
magic\small\0017.tcp
magic\small\0018.tcp
magic\small\0019.tcp
magic\small\0020.tcp
magic\small\0023.tcp
magic\small\0024.tcp
magic\small\0025.tcp
magic\small\0029.tcp
magic\small\0030.tcp
magic\small\0031.tcp
magic\small\0032.tcp
magic\small\0033.tcp
magic\small\0034.tcp
magic\small\0035.tcp
magic\small\0036.tcp
magic\small\0037.tcp
magic\small\0038.tcp
magic\small\0039.tcp
magic\small\0040.tcp
magic\small\0041.tcp
magic\small\0042.tcp
magic\small\0043.tcp
magic\small\0044.tcp
magic\small\0045.tcp
magic\small\0046.tcp
magic\small\0047.tcp
magic\small\0048.tcp
magic\small\0049.tcp
magic\small\0050.tcp
magic\small\0051.tcp
magic\small\0052.tcp
magic\small\0053.tcp
magic\small\0054.tcp
magic\small\0055.tcp
magic\small\0056.tcp
magic\small\0057.tcp
magic\small\0058.tcp
magic\small\0059.tcp
magic\small\0060.tcp
magic\small\0061.tcp
magic\small\0062.tcp
magic\small\0063.tcp
magic\small\0064.tcp
magic\small\0065.tcp
magic\small\0066.tcp
magic\small\0067.tcp
magic\small\0068.tcp
magic\small\0069.tcp
magic\small\0070.tcp
magic\small\0071.tcp
magic\small\0072.tcp
magic\small\0073.tcp
magic\small\0074.tcp
magic\small\0075.tcp
magic\small\0076.tcp
magic\small\0077.tcp
magic\small\0078.tcp
magic\small\0079.tcp
magic\small\0080.tcp
magic\small\0081.tcp
magic\small\0082.tcp
magic\small\0083.tcp
magic\small\0084.tcp
magic\small\0085.tcp
magic\small\0086.tcp
magic\small\0087.tcp
magic\small\0088.tcp
magic\small\0089.tcp
magic\small\0090.tcp
magic\small\0151.tcp
magic\small\0152.tcp
magic\small\0153.tcp
magic\small\0154.tcp
magic\small\0155.tcp
magic\small\0156.tcp
magic\small\0157.tcp
magic\small\0158.tcp
magic\small\0159.tcp
magic\small\0160.tcp
magic\small\0161.tcp
magic\small\0162.tcp
magic\small\0163.tcp
magic\small\0164.tcp
magic\small\0165.tcp
magic\small\0166.tcp
magic\small\0201.tcp
magic\small\0202.tcp
magic\small\0203.tcp
magic\small\0204.tcp
magic\small\0205.tcp
magic\small\0206.tcp
magic\small\0207.tcp
magic\small\0208.tcp
magic\small\0209.tcp
magic\small\0210.tcp
magic\small\0211.tcp
magic\small\0212.tcp
magic\small\0213.tcp
magic\small\0214.tcp
magic\small\0215.tcp
magic\small\0216.tcp
magic\small\0217.tcp
magic\small\0218.tcp
magic\small\0301.tcp
magic\small\0302.tcp
magic\small\0303.tcp
magic\small\0304.tcp
magic\small\0305.tcp
magic\small\0306.tcp
magic\small\0307.tcp
magic\small\0308.tcp
magic\small\0309.tcp
magic\small\0310.tcp
magic\small\0311.tcp
magic\small\0312.tcp
magic\small\0313.tcp
magic\small\0314.tcp
magic\small\0315.tcp
magic\small\0316.tcp
magic\small\0317.tcp
magic\small\0318.tcp
magic\small\0319.tcp
magic\small\0320.tcp
magic\small\0321.tcp
magic\small\0322.tcp
magic\small\0323.tcp
magic\small\0324.tcp
magic\small\0325.tcp
magic\small\0326.tcp
magic\small\0327.tcp
magic\small\0328.tcp
magic\small\0329.tcp
magic\small\0330.tcp
magic\small\0331.tcp
magic\small\0332.tcp
magic\small\0333.tcp
magic\small\0334.tcp
magic\small\0335.tcp
magic\small\0401.tcp
magic\small\0402.tcp
magic\small\0403.tcp
magic\small\0404.tcp
magic\small\0405.tcp
magic\small\0406.tcp
magic\small\0407.tcp
magic\small\0408.tcp
magic\small\0409.tcp
magic\small\0410.tcp
magic\small\0411.tcp
magic\small\0412.tcp
magic\small\0413.tcp
magic\small\0414.tcp
magic\small\0415.tcp
magic\small\0416.tcp
magic\small\0417.tcp
magic\small\0418.tcp
magic\small\0419.tcp
magic\small\0420.tcp
magic\small\0421.tcp
magic\small\0422.tcp
magic\small\0423.tcp
magic\small\0424.tcp
magic\small\0425.tcp
magic\small\0426.tcp
magic\small\0427.tcp
magic\small\0428.tcp
magic\small\0429.tcp
magic\small\0430.tcp
magic\small\0431.tcp
magic\small\0432.tcp
magic\small\0433.tcp
magic\small\0434.tcp
magic\small\0435.tcp
magic\small\0501.tcp
magic\small\0502.tcp
magic\small\0503.tcp
magic\small\0504.tcp
magic\small\0505.tcp
magic\small\0506.tcp
magic\small\0507.tcp
magic\small\0510.tcp
magic\small\0551.tcp
magic\small\0552.tcp
magic\small\0553.tcp
magic\small\0554.tcp
magic\small\0555.tcp
magic\small\0556.tcp
magic\small\0557.tcp
magic\small\0558.tcp
magic\small\0559.tcp
magic\small\0560.tcp
magic\small\0561.tcp
magic\small\0562.tcp
magic\small\0563.tcp
magic\small\0564.tcp
magic\small\0565.tcp
magic\small\0566.tcp
magic\small\0567.tcp
magic\small\0568.tcp
magic\small\0569.tcp
magic\small\0570.tcp
magic\small\0571.tcp
magic\small\0572.tcp
magic\small\0573.tcp
magic\small\0575.tcp
magic\small\0576.tcp
magic\small\0577.tcp
magic\small\0578.tcp
magic\small\0579.tcp
magic\small\0581.tcp
magic\small\0582.tcp
magic\small\0583.tcp
magic\small\0584.tcp
magic\small\0585.tcp
magic\small\0586.tcp
magic\small\0587.tcp
magic\small\0588.tcp
magic\small\0589.tcp
magic\small\0590.tcp
magic\small\0591.tcp
magic\small\0592.tcp
magic\small\0593.tcp
magic\small\0598.tcp
magic\small\1001.tcp
magic\small\1002.tcp
magic\small\1005.tcp
magic\small\1006.tcp
magic\small\1007.tcp
magic\small\1008.tcp
magic\small\1009.tcp
magic\small\1011.tcp
magic\small\1012.tcp
magic\small\1014.tcp
magic\small\1015.tcp
magic\small\1016.tcp
magic\small\1017.tcp
magic\small\1018.tcp
magic\small\1020.tcp
magic\small\1021.tcp
magic\small\1022.tcp
magic\small\1023.tcp
magic\small\1024.tcp
magic\small\1025.tcp
magic\small\1026.tcp
magic\small\1027.tcp
magic\small\1028.tcp
magic\small\1029.tcp
magic\small\1030.tcp
magic\small\1031.tcp
magic\small\1032.tcp
magic\small\1033.tcp
magic\small\1034.tcp
magic\small\1035.tcp
magic\small\1036.tcp
magic\small\1037.tcp
magic\small\1039.tcp
magic\small\1040.tcp
magic\small\1041.tcp
magic\small\1042.tcp
magic\small\1043.tcp
magic\small\1044.tcp
magic\small\1045.tcp
magic\small\1046.tcp
magic\small\1047.tcp
magic\small\1048.tcp
magic\small\1049.tcp
magic\small\1050.tcp
magic\small\1051.tcp
magic\small\1052.tcp
magic\small\1053.tcp
magic\small\1054.tcp
magic\small\1055.tcp
magic\small\1056.tcp
magic\small\1057.tcp
magic\small\1058.tcp
magic\small\1059.tcp
magic\small\1060.tcp
magic\small\1062.tcp
magic\small\1064.tcp
magic\small\1065.tcp
magic\small\1066.tcp
magic\small\1067.tcp
magic\small\1068.tcp
magic\small\1069.tcp
magic\small\1070.tcp
magic\small\1071.tcp
magic\small\1072.tcp
magic\small\1073.tcp
magic\small\1074.tcp
magic\small\1075.tcp
magic\small\1076.tcp
magic\small\1077.tcp
magic\small\1078.tcp
magic\small\1079.tcp
magic\small\1080.tcp
magic\small\1081.tcp
magic\small\1082.tcp
magic\small\1083.tcp
magic\small\1084.tcp
magic\small\1085.tcp
magic\small\1086.tcp
magic\small\1087.tcp
magic\small\1088.tcp
magic\small\1089.tcp
magic\small\1090.tcp
magic\small\1091.tcp
magic\small\1093.tcp
magic\small\1097.tcp
magic\small\1098.tcp
magic\small\1099.tcp
magic\small\1100.tcp
magic\small\1101.tcp
magic\small\1102.tcp
magic\small\1103.tcp
magic\small\1104.tcp
magic\small\1105.tcp
magic\small\1106.tcp
magic\small\1107.tcp
magic\small\1108.tcp
magic\small\1109.tcp
magic\small\1110.tcp
magic\small\1111.tcp
magic\small\1112.tcp
magic\small\1113.tcp
magic\small\1114.tcp
magic\small\1115.tcp
magic\small\1116.tcp
magic\small\1117.tcp
magic\small\1118.tcp
magic\small\1119.tcp
magic\small\1120.tcp
magic\small\1121.tcp
magic\small\1122.tcp
magic\small\1123.tcp
magic\small\1124.tcp
magic\small\1125.tcp
magic\small\1126.tcp
magic\small\1127.tcp
magic\small\1128.tcp
magic\small\1129.tcp
magic\small\1130.tcp
magic\small\1131.tcp
magic\small\1132.tcp
magic\small\1133.tcp
magic\small\1134.tcp
magic\small\1136.tcp
magic\small\1140.tcp
magic\small\1142.tcp
magic\small\1146.tcp
magic\small\1154.tcp
magic\small\1156.tcp
magic\small\1158.tcp
magic\small\1159.tcp
magic\small\1160.tcp
magic\small\1201.tcp
magic\small\1202.tcp
magic\small\1203.tcp
magic\small\1204.tcp
magic\small\1205.tcp
magic\small\1206.tcp
magic\small\1207.tcp
magic\small\1208.tcp
magic\small\1209.tcp
magic\small\1210.tcp
magic\small\1211.tcp
magic\small\1212.tcp
magic\small\1213.tcp
magic\small\1214.tcp
magic\small\1215.tcp
magic\small\1216.tcp
magic\small\1217.tcp
magic\small\1218.tcp
magic\small\1219.tcp
magic\small\1220.tcp
magic\small\1221.tcp
magic\small\1222.tcp
magic\small\1223.tcp
magic\small\1224.tcp
magic\small\1225.tcp
magic\small\1226.tcp
magic\small\1227.tcp
magic\small\1228.tcp
magic\small\1229.tcp
magic\small\1230.tcp
magic\small\1231.tcp
magic\small\1232.tcp
magic\small\1301.tcp
magic\small\1302.tcp
magic\small\1303.tcp
magic\small\1304.tcp
magic\small\1305.tcp
magic\small\1306.tcp
magic\small\1307.tcp
magic\small\1308.tcp
magic\small\1404.tcp
magic\small\1405.tcp
magic\small\1406.tcp
magic\small\1525.tcp
magic\small\1526.tcp
magic\small\1527.tcp
magic\small\1528.tcp
magic\small\1529.tcp
magic\small\1530.tcp
magic\small\1531.tcp
magic\small\1532.tcp
magic\small\1533.tcp
magic\small\5001.tcp
magic\small\5002.tcp
magic\small\5003.tcp
magic\small\5004.tcp
magic\small\5005.tcp
magic\small\5006.tcp
magic\small\5007.tcp
magic\small\5008.tcp
magic\small\5009.tcp
magic\small\5010.tcp
magic\small\5011.tcp
magic\small\5012.tcp
magic\small\5013.tcp
magic\small\5014.tcp
magic\small\5015.tcp
magic\small\5016.tcp
magic\small\5017.tcp
magic\small\5018.tcp
magic\small\5019.tcp
magic\small\5020.tcp
magic\small\5021.tcp
magic\small\5022.tcp
magic\small\5023.tcp
magic\small\5024.tcp
magic\small\5025.tcp
magic\small\5026.tcp
magic\small\5027.tcp
magic\small\5028.tcp
magic\small\5029.tcp
magic\small\5030.tcp
magic\small\5031.tcp
magic\small\5032.tcp
magic\small\5033.tcp
magic\small\5034.tcp
magic\small\5035.tcp
magic\small\5036.tcp
magic\small\5037.tcp
magic\small\5038.tcp
magic\small\5039.tcp
magic\small\5040.tcp
magic\small\5041.tcp
magic\small\5042.tcp
magic\small\5043.tcp
magic\small\5044.tcp
magic\small\5045.tcp
magic\small\5046.tcp
magic\small\5047.tcp
magic\small\5048.tcp
magic\small\5049.tcp
magic\small\5050.tcp
main\accept.tcp
main\btnframe.tcp
main\cardsel.tcp
main\chatframe.tcp
main\colorbtn.tcp
main\dark1.tcp
main\dark2.tcp
main\day1.tcp
main\day2.tcp
main\eff_hp.tcp
main\exp.tcp
main\heroframe.tcp
main\hp.tcp
main\magic.tcp
main\mp.tcp
main\newmail.tcp
main\newmusic.tcp
main\newteam.tcp
main\run.tcp
main\showbtn.tcp
main\sp.tcp
main\Statusframe.tcp
main\Summonframe.tcp
main\tempitem.tcp
main\walk.tcp
main\ximu1.tcp
main\ximu2.tcp
main\xitai.tcp
main\xitaidown.tcp
marriage\askformarr.tcp
marriage\candidateprop.tcp
marriage\forcourt.tcp
marriage\formarr.tcp
mhcard\101.tcp
mhcard\102.tcp
mhcard\103.tcp
mhcard\104.tcp
mhcard\105.tcp
mhcard\106.tcp
mhcard\107.tcp
mhcard\108.tcp
mhcard\109.tcp
mhcard\110.tcp
mhcard\111.tcp
mhcard\112.tcp
mhcard\201.tcp
mhcard\202.tcp
mhcard\203.tcp
mhcard\204.tcp
mhcard\205.tcp
mhcard\206.tcp
mhcard\207.tcp
mhcard\208.tcp
mhcard\209.tcp
mhcard\210.tcp
mhcard\211.tcp
mhcard\212.tcp
mhcard\213.tcp
mhcard\214.tcp
mhcard\215.tcp
mhcard\216.tcp
mhcard\217.tcp
mhcard\218.tcp
mhcard\301.tcp
mhcard\302.tcp
mhcard\303.tcp
mhcard\304.tcp
mhcard\305.tcp
mhcard\306.tcp
mhcard\307.tcp
mhcard\308.tcp
mhcard\309.tcp
mhcard\310.tcp
mhcard\311.tcp
mhcard\312.tcp
mhcard\313.tcp
mhcard\314.tcp
mhcard\315.tcp
mhcard\316.tcp
mhcard\317.tcp
mhcard\318.tcp
mhcard\319.tcp
mhcard\320.tcp
mhcard\321.tcp
mhcard\322.tcp
mhcard\323.tcp
mhcard\324.tcp
mhcard\325.tcp
mhcard\326.tcp
mhcard\327.tcp
mhcard\328.tcp
mhcard\401.tcp
mhcard\402.tcp
mhcard\403.tcp
mhcard\404.tcp
mhcard\405.tcp
mhcard\406.tcp
mhcard\407.tcp
mhcard\408.tcp
mhcard\409.tcp
mhcard\410.tcp
mhcard\411.tcp
mhcard\412.tcp
mhcard\413.tcp
mhcard\414.tcp
mhcard\415.tcp
mhcard\416.tcp
mhcard\417.tcp
mhcard\418.tcp
mhcard\501.tcp
mhcard\502.tcp
mhcard\503.tcp
mhcard\bckframe.tcp
mhcard\cardback.tcp
mhcard\carddlg.tcp
mhcard\cardframe.tcp
mhcard\greenp.tcp
mhcard\selframe.tcp
mhcard\yellowp.tcp
minigame\ball
minigame\ball\00000.tcp
minigame\ball\00010.tcp
minigame\ball\00011.tcp
minigame\ball\00020.tcp
minigame\ball\00021.tcp
minigame\ball\00022.tcp
minigame\ball\00030.tcp
minigame\ball\00040.tcp
minigame\ball\00041.tcp
minigame\ball\00042.tcp
minigame\ball\00050.tcp
minigame\ball\00051.tcp
minigame\ball\00060.tcp
minigame\ball\00061.tcp
minigame\ball\00070.tcp
netmusic\chklongbtn.tcp
netmusic\friend_list.tcp
netmusic\minplayer.tcp
netmusic\music_bless.tcp
netmusic\music_list.tcp
netmusic\order_music.tcp
netmusic\order_musicd.tcp
netmusic\query.tcp
newbie\arrow00.tcp
newbie\arrow01.tcp
newbie\arrow02.tcp
newbie\arrow03.tcp
newbie\arrow04.tcp
newbie\newbieguide0.tcp
newbie\newbieguide1.tcp
newbie\pointtips.tcp
newstall\bgbuy.tcp
newstall\bgcheck.tcp
newstall\bgmake.tcp
newstall\dlgmake.tcp
newstall\gradelabel.tcp
olympic08\chinabg.tcp
olympic08\chinacity
olympic08\fire.tcp
olympic08\worldbg.tcp
olympic08\worldcity
olympic08\chinacity\03.tcp
olympic08\chinacity\04.tcp
olympic08\chinacity\05.tcp
olympic08\chinacity\06.tcp
olympic08\chinacity\07.tcp
olympic08\chinacity\09.tcp
olympic08\chinacity\10.tcp
olympic08\chinacity\11.tcp
olympic08\chinacity\12.tcp
olympic08\chinacity\13.tcp
olympic08\chinacity\14.tcp
olympic08\chinacity\15.tcp
olympic08\chinacity\16.tcp
olympic08\chinacity\17.tcp
olympic08\chinacity\18.tcp
olympic08\chinacity\19.tcp
olympic08\chinacity\20.tcp
olympic08\chinacity\21.tcp
olympic08\chinacity\22.tcp
olympic08\chinacity\23.tcp
olympic08\chinacity\24.tcp
olympic08\chinacity\25.tcp
olympic08\chinacity\26.tcp
olympic08\chinacity\27.tcp
olympic08\chinacity\28.tcp
olympic08\chinacity\29.tcp
olympic08\chinacity\30.tcp
olympic08\chinacity\31.tcp
olympic08\worldcity\01.tcp
olympic08\worldcity\02.tcp
olympic08\worldcity\03.tcp
olympic08\worldcity\04.tcp
olympic08\worldcity\05.tcp
olympic08\worldcity\06.tcp
olympic08\worldcity\07.tcp
olympic08\worldcity\08.tcp
olympic08\worldcity\09.tcp
olympic08\worldcity\10.tcp
olympic08\worldcity\11.tcp
olympic08\worldcity\12.tcp
olympic08\worldcity\13.tcp
olympic08\worldcity\14.tcp
olympic08\worldcity\15.tcp
olympic08\worldcity\16.tcp
olympic08\worldcity\17.tcp
olympic08\worldcity\18.tcp
olympic08\worldcity\19.tcp
olympic08\worldcity\20.tcp
olympic08\worldcity\21.tcp
org\01.tcp
org\02.tcp
org\03.tcp
org\04.tcp
org\05.tcp
org\101.tcp
org\102.tcp
org\103.tcp
org\104.tcp
org\105.tcp
org\106.tcp
org\107.tcp
org\201.tcp
org\202.tcp
org\203.tcp
org\204.tcp
org\205.tcp
org\206.tcp
org\207.tcp
org\301.tcp
org\302.tcp
org\303.tcp
org\304.tcp
org\305.tcp
org\306.tcp
org\307.tcp
org\308.tcp
org\building
org\dlgdirection.tcp
org\dlgmaplist.tcp
org\dlgmsg.tcp
org\dlgorg.tcp
org\grass
org\grass.bmp
org\ground
org\ground.bmp
org\lb_btn.tcp
org\rb_btn.tcp
org\building\100.tcp
org\building\101.tcp
org\building\102.tcp
org\building\103.tcp
org\building\104.tcp
org\building\105.tcp
org\building\106.tcp
org\building\107.tcp
org\building\108.tcp
org\building\109.tcp
org\building\110.tcp
org\building\111.tcp
org\building\112.tcp
org\building\113.tcp
org\building\114.tcp
org\building\201.tcp
org\building\202.tcp
org\building\203.tcp
org\building\204.tcp
org\building\205.tcp
org\building\206.tcp
org\building\207.tcp
org\building\208.tcp
org\building\209.tcp
org\building\210.tcp
org\building\211.tcp
org\building\212.tcp
org\building\213.tcp
org\building\214.tcp
org\building\301.tcp
org\building\302.tcp
org\building\303.tcp
org\building\304.tcp
org\building\305.tcp
org\building\306.tcp
org\building\307.tcp
org\building\308.tcp
org\building\309.tcp
org\building\310.tcp
org\building\311.tcp
org\building\312.tcp
org\building\313.tcp
org\building\314.tcp
org\building\315.tcp
org\building\316.tcp
org\grass\00.tcp
org\grass\01.tcp
org\ground\00.tcp
org\ground\01.tcp
photo\facebig
photo\facemini
photo\facesmall
photo\hero
photo\npc
photo\npcmini
photo\summon
photo\facebig\0001.tcp
photo\facebig\0002.tcp
photo\facebig\0003.tcp
photo\facebig\0004.tcp
photo\facebig\0005.tcp
photo\facebig\0006.tcp
photo\facebig\0007.tcp
photo\facebig\0008.tcp
photo\facebig\0009.tcp
photo\facebig\0010.tcp
photo\facebig\0011.tcp
photo\facebig\0012.tcp
photo\facebig\0013.tcp
photo\facebig\0014.tcp
photo\facebig\0015.tcp
photo\facebig\0016.tcp
photo\facebig\0017.tcp
photo\facebig\0018.tcp
photo\facebig\0019.tcp
photo\facebig\0020.tcp
photo\facebig\0021.tcp
photo\facebig\0022.tcp
photo\facebig\0023.tcp
photo\facebig\0024.tcp
photo\facebig\0025.tcp
photo\facebig\0026.tcp
photo\facebig\0027.tcp
photo\facebig\0028.tcp
photo\facebig\0029.tcp
photo\facebig\0030.tcp
photo\facebig\0031.tcp
photo\facebig\0032.tcp
photo\facebig\0033.tcp
photo\facebig\0034.tcp
photo\facebig\0035.tcp
photo\facebig\0036.tcp
photo\facebig\0037.tcp
photo\facebig\0038.tcp
photo\facebig\0039.tcp
photo\facebig\0040.tcp
photo\facebig\0041.tcp
photo\facebig\0042.tcp
photo\facebig\0043.tcp
photo\facebig\0044.tcp
photo\facebig\0045.tcp
photo\facebig\0046.tcp
photo\facebig\0047.tcp
photo\facebig\0048.tcp
photo\facemini\0001.tcp
photo\facemini\0002.tcp
photo\facemini\0003.tcp
photo\facemini\0004.tcp
photo\facemini\0005.tcp
photo\facemini\0006.tcp
photo\facemini\0007.tcp
photo\facemini\0008.tcp
photo\facemini\0009.tcp
photo\facemini\0010.tcp
photo\facemini\0011.tcp
photo\facemini\0012.tcp
photo\facesmall\0000.tcp
photo\facesmall\0001.tcp
photo\facesmall\0002.tcp
photo\facesmall\0003.tcp
photo\facesmall\0004.tcp
photo\facesmall\0005.tcp
photo\facesmall\0006.tcp
photo\facesmall\0007.tcp
photo\facesmall\0008.tcp
photo\facesmall\0009.tcp
photo\facesmall\0010.tcp
photo\facesmall\0011.tcp
photo\facesmall\0012.tcp
photo\facesmall\0013.tcp
photo\facesmall\0014.tcp
photo\facesmall\0015.tcp
photo\facesmall\0016.tcp
photo\facesmall\0017.tcp
photo\facesmall\0018.tcp
photo\facesmall\0019.tcp
photo\facesmall\0020.tcp
photo\facesmall\0021.tcp
photo\facesmall\0022.tcp
photo\facesmall\0023.tcp
photo\facesmall\0024.tcp
photo\facesmall\0025.tcp
photo\facesmall\0026.tcp
photo\facesmall\0027.tcp
photo\facesmall\0028.tcp
photo\facesmall\0029.tcp
photo\facesmall\0030.tcp
photo\facesmall\0031.tcp
photo\facesmall\0032.tcp
photo\facesmall\0033.tcp
photo\facesmall\0034.tcp
photo\facesmall\0035.tcp
photo\facesmall\0036.tcp
photo\facesmall\0037.tcp
photo\facesmall\0038.tcp
photo\facesmall\0039.tcp
photo\facesmall\0040.tcp
photo\facesmall\0041.tcp
photo\facesmall\0042.tcp
photo\facesmall\0043.tcp
photo\facesmall\0044.tcp
photo\facesmall\0045.tcp
photo\facesmall\0046.tcp
photo\facesmall\0047.tcp
photo\facesmall\0048.tcp
photo\facesmall\0110.tcp
photo\facesmall\0114.tcp
photo\hero\0001.tcp
photo\hero\0002.tcp
photo\hero\0003.tcp
photo\hero\0004.tcp
photo\hero\0005.tcp
photo\hero\0006.tcp
photo\hero\0007.tcp
photo\hero\0008.tcp
photo\hero\0009.tcp
photo\hero\0010.tcp
photo\hero\0011.tcp
photo\hero\0012.tcp
photo\npc\0101.tcp
photo\npc\0102.tcp
photo\npc\0103.tcp
photo\npc\0104.tcp
photo\npc\0105.tcp
photo\npc\0106.tcp
photo\npc\0114.tcp
photo\npc\2001.tcp
photo\npc\2002.tcp
photo\npc\2004.tcp
photo\npc\2005.tcp
photo\npc\2006.tcp
photo\npc\2007.tcp
photo\npc\2009.tcp
photo\npc\2010.tcp
photo\npc\2011.tcp
photo\npc\2012.tcp
photo\npc\2015.tcp
photo\npc\2016.tcp
photo\npc\2017.tcp
photo\npc\2018.tcp
photo\npc\2020.tcp
photo\npc\2022.tcp
photo\npc\2023.tcp
photo\npc\2024.tcp
photo\npc\2028.tcp
photo\npc\2029.tcp
photo\npc\2030.tcp
photo\npc\2033.tcp
photo\npc\2034.tcp
photo\npc\2036.tcp
photo\npc\2037.tcp
photo\npc\2038.tcp
photo\npc\2040.tcp
photo\npc\2041.tcp
photo\npc\2044.tcp
photo\npc\2045.tcp
photo\npc\2046.tcp
photo\npc\2048.tcp
photo\npc\2052.tcp
photo\npc\2053.tcp
photo\npc\2054.tcp
photo\npc\2055.tcp
photo\npc\2059.tcp
photo\npc\2061.tcp
photo\npc\2062.tcp
photo\npc\2063.tcp
photo\npc\2064.tcp
photo\npc\2065.tcp
photo\npc\2066.tcp
photo\npc\2067.tcp
photo\npc\2068.tcp
photo\npc\2070.tcp
photo\npc\2071.tcp
photo\npc\2072.tcp
photo\npc\2073.tcp
photo\npc\2074.tcp
photo\npc\2075.tcp
photo\npc\2076.tcp
photo\npc\2077.tcp
photo\npc\2078.tcp
photo\npc\2079.tcp
photo\npc\2080.tcp
photo\npc\2081.tcp
photo\npc\2082.tcp
photo\npc\2083.tcp
photo\npc\2084.tcp
photo\npc\2085.tcp
photo\npc\2086.tcp
photo\npc\2087.tcp
photo\npc\2088.tcp
photo\npc\2089.tcp
photo\npc\2090.tcp
photo\npc\2091.tcp
photo\npc\2092.tcp
photo\npc\2093.tcp
photo\npc\2094.tcp
photo\npc\2095.tcp
photo\npc\2096.tcp
photo\npc\2097.tcp
photo\npc\2098.tcp
photo\npc\2099.tcp
photo\npc\2100.tcp
photo\npc\2101.tcp
photo\npc\2102.tcp
photo\npc\2103.tcp
photo\npc\2104.tcp
photo\npc\2105.tcp
photo\npc\2106.tcp
photo\npc\2107.tcp
photo\npc\2108.tcp
photo\npc\2109.tcp
photo\npc\2110.tcp
photo\npc\2111.tcp
photo\npc\2112.tcp
photo\npc\2113.tcp
photo\npc\2114.tcp
photo\npc\2115.tcp
photo\npc\2117.tcp
photo\npc\2118.tcp
photo\npc\2119.tcp
photo\npc\2120.tcp
photo\npc\2121.tcp
photo\npc\2122.tcp
photo\npc\2123.tcp
photo\npc\2237.tcp
photo\npc\2274.tcp
photo\npc\2275.tcp
photo\npc\2276.tcp
photo\npc\2277.tcp
photo\npc\2278.tcp
photo\npc\2279.tcp
photo\npc\2280.tcp
photo\npc\2281.tcp
photo\npc\2282.tcp
photo\npc\2283.tcp
photo\npc\2294.tcp
photo\npc\3001.tcp
photo\npc\3002.tcp
photo\npc\3003.tcp
photo\npc\3004.tcp
photo\npc\3005.tcp
photo\npc\3006.tcp
photo\npc\3007.tcp
photo\npc\3008.tcp
photo\npc\3009.tcp
photo\npc\3010.tcp
photo\npc\3011.tcp
photo\npc\3012.tcp
photo\npc\3013.tcp
photo\npc\3014.tcp
photo\npc\3015.tcp
photo\npc\3016.tcp
photo\npc\3017.tcp
photo\npc\3018.tcp
photo\npc\3019.tcp
photo\npc\3020.tcp
photo\npc\3021.tcp
photo\npc\3022.tcp
photo\npc\3023.tcp
photo\npc\3024.tcp
photo\npc\3025.tcp
photo\npc\3026.tcp
photo\npc\3027.tcp
photo\npc\3028.tcp
photo\npc\3029.tcp
photo\npc\3030.tcp
photo\npc\3031.tcp
photo\npc\3032.tcp
photo\npc\3033.tcp
photo\npc\3034.tcp
photo\npc\3035.tcp
photo\npc\3036.tcp
photo\npc\3037.tcp
photo\npc\3038.tcp
photo\npc\3039.tcp
photo\npc\3040.tcp
photo\npc\3041.tcp
photo\npc\3042.tcp
photo\npc\3043.tcp
photo\npc\3044.tcp
photo\npc\3045.tcp
photo\npc\3046.tcp
photo\npc\3047.tcp
photo\npc\3048.tcp
photo\npc\3049.tcp
photo\npc\3050.tcp
photo\npc\3051.tcp
photo\npc\3052.tcp
photo\npc\3053.tcp
photo\npc\3054.tcp
photo\npc\3055.tcp
photo\npc\3056.tcp
photo\npc\3057.tcp
photo\npc\3058.tcp
photo\npc\3059.tcp
photo\npc\3060.tcp
photo\npc\3061.tcp
photo\npc\3062.tcp
photo\npc\3063.tcp
photo\npc\3064.tcp
photo\npc\3065.tcp
photo\npc\3066.tcp
photo\npc\3067.tcp
photo\npc\3068.tcp
photo\npc\3069.tcp
photo\npc\3070.tcp
photo\npc\3071.tcp
photo\npc\3072.tcp
photo\npc\3073.tcp
photo\npc\3074.tcp
photo\npc\3075.tcp
photo\npc\3076.tcp
photo\npc\3077.tcp
photo\npc\3079.tcp
photo\npc\3082.tcp
photo\npc\3093.tcp
photo\npc\3094.tcp
photo\npc\3095.tcp
photo\npc\3096.tcp
photo\npc\3097.tcp
photo\npc\3098.tcp
photo\npc\3099.tcp
photo\npc\3100.tcp
photo\npc\3101.tcp
photo\npc\3102.tcp
photo\npc\3106.tcp
photo\npc\3111.tcp
photo\npc\3112.tcp
photo\npc\3113.tcp
photo\npc\3120.tcp
photo\npc\3164.tcp
photo\npc\3165.tcp
photo\npc\3166.tcp
photo\npc\3170.tcp
photo\npc\3171.tcp
photo\npc\3306.tcp
photo\npc\3307.tcp
photo\npc\3318.tcp
photo\npc\4031.tcp
photo\npc\4032.tcp
photo\npc\4033.tcp
photo\npc\4034.tcp
photo\npcmini\2012.tcp
photo\npcmini\3005.tcp
photo\npcmini\3008.tcp
photo\npcmini\3017.tcp
photo\summon\0000.tcp
scene\bigpoint.tcp
scene\mapjumpoint.tcp
scene\point.tcp
scene\target.tcp
scene\wpoint.tcp
time\01.tcp
time\02.tcp
time\03.tcp
time\04.tcp
time\05.tcp
time\06.tcp
time\07.tcp
time\08.tcp
time\09.tcp
time\10.tcp
time\11.tcp
time\12.tcp
