addon\escape_ok.wav
addon\turnout.wav
char\0001\attack.wav
char\0001\magic.wav
char\0001\hit.wav
char\0001\defend.wav
char\0001\die.wav
char\0002\attack.wav
char\0002\magic.wav
char\0002\hit.wav
char\0002\defend.wav
char\0002\die.wav
char\0003\attack.wav
char\0003\magic.wav
char\0003\hit.wav
char\0003\defend.wav
char\0003\die.wav
char\0004\attack.wav
char\0004\magic.wav
char\0004\hit.wav
char\0004\defend.wav
char\0004\die.wav
char\0005\attack.wav
char\0005\magic.wav
char\0005\hit.wav
char\0005\defend.wav
char\0005\die.wav
char\0006\attack.wav
char\0006\magic.wav
char\0006\hit.wav
char\0006\defend.wav
char\0006\die.wav
char\0007\attack.wav
char\0007\magic.wav
char\0007\hit.wav
char\0007\defend.wav
char\0007\die.wav
char\0008\attack.wav
char\0008\magic.wav
char\0008\hit.wav
char\0008\defend.wav
char\0008\die.wav
char\0009\attack.wav
char\0009\magic.wav
char\0009\hit.wav
char\0009\defend.wav
char\0009\die.wav
char\0010\attack.wav
char\0010\magic.wav
char\0010\hit.wav
char\0010\defend.wav
char\0010\die.wav
char\0011\attack.wav
char\0011\magic.wav
char\0011\hit.wav
char\0011\defend.wav
char\0011\die.wav
char\0012\attack.wav
char\0012\magic.wav
char\0012\hit.wav
char\0012\defend.wav
char\0012\die.wav
char\0013\attack.wav
char\0013\magic.wav
char\0013\hit.wav
char\0013\defend.wav
char\0013\die.wav
char\0014\attack.wav
char\0014\magic.wav
char\0014\hit.wav
char\0014\defend.wav
char\0014\die.wav
char\0015\attack.wav
char\0015\magic.wav
char\0015\hit.wav
char\0015\defend.wav
char\0015\die.wav
char\0016\attack.wav
char\0016\magic.wav
char\0016\hit.wav
char\0016\defend.wav
char\0016\die.wav
char\0017\attack.wav
char\0017\magic.wav
char\0017\hit.wav
char\0017\defend.wav
char\0017\die.wav
char\0018\attack.wav
char\0018\magic.wav
char\0018\hit.wav
char\0018\defend.wav
char\0018\die.wav
char\0019\attack.wav
char\0019\magic.wav
char\0019\hit.wav
char\0019\defend.wav
char\0019\die.wav
char\0020\attack.wav
char\0020\magic.wav
char\0020\hit.wav
char\0020\defend.wav
char\0020\die.wav
char\0021\attack.wav
char\0021\magic.wav
char\0021\hit.wav
char\0021\defend.wav
char\0021\die.wav
char\0022\attack.wav
char\0022\magic.wav
char\0022\hit.wav
char\0022\defend.wav
char\0022\die.wav
char\0023\attack.wav
char\0023\magic.wav
char\0023\hit.wav
char\0023\defend.wav
char\0023\die.wav
char\0024\attack.wav
char\0024\magic.wav
char\0024\hit.wav
char\0024\defend.wav
char\0024\die.wav
char\0101\attack.wav
char\0101\magic.wav
char\0101\hit.wav
char\0101\defend.wav
char\0101\die.wav
char\0102\attack.wav
char\0102\magic.wav
char\0102\hit.wav
char\0102\defend.wav
char\0102\die.wav
char\0103\attack.wav
char\0103\magic.wav
char\0103\hit.wav
char\0103\defend.wav
char\0103\die.wav
char\0104\attack.wav
char\0104\magic.wav
char\0104\hit.wav
char\0104\defend.wav
char\0104\die.wav
char\0105\attack.wav
char\0105\magic.wav
char\0105\hit.wav
char\0105\defend.wav
char\0105\die.wav
char\0106\attack.wav
char\0106\magic.wav
char\0106\hit.wav
char\0106\defend.wav
char\0106\die.wav
magic\0311.wav
magic\0326.wav
magic\0327.wav
magic\0328.wav
magic\0329.wav
magic\0426.wav
magic\0427.wav
magic\0428.wav
magic\0429.wav
magic\0511.wav
magic\0512.wav
magic\0513.wav
magic\0514.wav
magic\0515.wav
magic\0516.wav
magic\0523.wav
magic\0551.wav
magic\0552.wav
magic\0593.wav
magic\0595.wav
magic\0597.wav
magic\0999.wav
magic\1001.wav
magic\1002.wav
magic\1005.wav
magic\1006.wav
magic\1007.wav
magic\1008.wav
magic\1009.wav
magic\1011.wav
magic\1012.wav
magic\1014.wav
magic\1015.wav
magic\1016.wav
magic\1017.wav
magic\1018.wav
magic\1020.wav
magic\1021.wav
magic\1022.wav
magic\1023.wav
magic\1024.wav
magic\1025.wav
magic\1026.wav
magic\1027.wav
magic\1028.wav
magic\1029.wav
magic\1030.wav
magic\1031.wav
magic\1032.wav
magic\1033.wav
magic\1034.wav
magic\1035.wav
magic\1036.wav
magic\1037.wav
magic\1039.wav
magic\1040.wav
magic\1041.wav
magic\1042.wav
magic\1043.wav
magic\1044.wav
magic\1045.wav
magic\1046.wav
magic\1047.wav
magic\1048.wav
magic\1049.wav
magic\1050.wav
magic\1051.wav
magic\1052.wav
magic\1053.wav
magic\1054.wav
magic\1055.wav
magic\1056.wav
magic\1057.wav
magic\1058.wav
magic\1059.wav
magic\1060.wav
magic\1062.wav
magic\1064.wav
magic\1065.wav
magic\1066.wav
magic\1067.wav
magic\1068.wav
magic\1069.wav
magic\1070.wav
magic\1071.wav
magic\1072.wav
magic\1073.wav
magic\1074.wav
magic\1075.wav
magic\1076.wav
magic\1077.wav
magic\1078.wav
magic\1079.wav
magic\1080.wav
magic\1081.wav
magic\1082.wav
magic\1083.wav
magic\1084.wav
magic\1085.wav
magic\1086.wav
magic\1087.wav
magic\1088.wav
magic\1089.wav
magic\1090.wav
magic\1091.wav
magic\1093.wav
magic\1097.wav
magic\1098.wav
magic\1099.wav
magic\1100.wav
magic\1101.wav
magic\1102.wav
magic\1103.wav
magic\1104.wav
magic\1105.wav
magic\1106.wav
magic\1107.wav
magic\1108.wav
magic\1109.wav
magic\1110.wav
magic\1111.wav
magic\1112.wav
magic\1113.wav
magic\1114.wav
magic\1115.wav
magic\1116.wav
magic\1117.wav
magic\1118.wav
magic\1119.wav
magic\1120.wav
magic\1121.wav
magic\1122.wav
magic\1123.wav
magic\1124.wav
magic\1125.wav
magic\1126.wav
magic\1127.wav
magic\1128.wav
magic\1129.wav
magic\1130.wav
magic\1131.wav
magic\1132.wav
magic\1133.wav
magic\1134.wav
magic\1136.wav
magic\1140.wav
magic\1142.wav
magic\1146.wav
magic\1154.wav
magic\1156.wav
magic\1158.wav
magic\1159.wav
magic\1160.wav
magic\1201.wav
magic\1202.wav
magic\1203.wav
magic\1204.wav
magic\1205.wav
magic\1206.wav
magic\1207.wav
magic\1209.wav
magic\1210.wav
magic\1211.wav
magic\1212.wav
magic\1213.wav
magic\1214.wav
magic\1215.wav
magic\1216.wav
magic\1217.wav
magic\1218.wav
magic\1219.wav
magic\1220.wav
magic\1221.wav
magic\1222.wav
magic\1223.wav
magic\1224.wav
magic\1301.wav
magic\1302.wav
magic\1303.wav
char\2001\attack.wav
char\2001\magic.wav
char\2001\hit.wav
char\2001\defend.wav
char\2001\die.wav
char\2002\attack.wav
char\2002\magic.wav
char\2002\hit.wav
char\2002\defend.wav
char\2002\die.wav
char\2004\attack.wav
char\2004\magic.wav
char\2004\hit.wav
char\2004\defend.wav
char\2004\die.wav
char\2005\attack.wav
char\2005\magic.wav
char\2005\hit.wav
char\2005\defend.wav
char\2005\die.wav
char\2006\attack.wav
char\2006\magic.wav
char\2006\hit.wav
char\2006\defend.wav
char\2006\die.wav
char\2007\attack.wav
char\2007\magic.wav
char\2007\hit.wav
char\2007\defend.wav
char\2007\die.wav
char\2009\attack.wav
char\2009\magic.wav
char\2009\hit.wav
char\2009\defend.wav
char\2009\die.wav
char\2010\attack.wav
char\2010\magic.wav
char\2010\hit.wav
char\2010\defend.wav
char\2010\die.wav
char\2011\attack.wav
char\2011\magic.wav
char\2011\hit.wav
char\2011\defend.wav
char\2011\die.wav
char\2012\attack.wav
char\2012\magic.wav
char\2012\hit.wav
char\2012\defend.wav
char\2012\die.wav
char\2015\attack.wav
char\2015\magic.wav
char\2015\hit.wav
char\2015\defend.wav
char\2015\die.wav
char\2016\attack.wav
char\2016\magic.wav
char\2016\hit.wav
char\2016\defend.wav
char\2016\die.wav
char\2017\attack.wav
char\2017\magic.wav
char\2017\hit.wav
char\2017\defend.wav
char\2017\die.wav
char\2018\attack.wav
char\2018\magic.wav
char\2018\hit.wav
char\2018\defend.wav
char\2018\die.wav
char\2020\attack.wav
char\2020\magic.wav
char\2020\hit.wav
char\2020\defend.wav
char\2020\die.wav
char\2022\attack.wav
char\2022\magic.wav
char\2022\hit.wav
char\2022\defend.wav
char\2022\die.wav
char\2023\attack.wav
char\2023\magic.wav
char\2023\hit.wav
char\2023\defend.wav
char\2023\die.wav
char\2024\attack.wav
char\2024\magic.wav
char\2024\hit.wav
char\2024\defend.wav
char\2024\die.wav
char\2028\attack.wav
char\2028\magic.wav
char\2028\hit.wav
char\2028\defend.wav
char\2028\die.wav
char\2029\attack.wav
char\2029\magic.wav
char\2029\hit.wav
char\2029\defend.wav
char\2029\die.wav
char\2030\attack.wav
char\2030\magic.wav
char\2030\hit.wav
char\2030\defend.wav
char\2030\die.wav
char\2033\attack.wav
char\2033\magic.wav
char\2033\hit.wav
char\2033\defend.wav
char\2033\die.wav
char\2034\attack.wav
char\2034\magic.wav
char\2034\hit.wav
char\2034\defend.wav
char\2034\die.wav
char\2036\attack.wav
char\2036\magic.wav
char\2036\hit.wav
char\2036\defend.wav
char\2036\die.wav
char\2037\attack.wav
char\2037\magic.wav
char\2037\hit.wav
char\2037\defend.wav
char\2037\die.wav
char\2038\attack.wav
char\2038\magic.wav
char\2038\hit.wav
char\2038\defend.wav
char\2038\die.wav
char\2040\attack.wav
char\2040\magic.wav
char\2040\hit.wav
char\2040\defend.wav
char\2040\die.wav
char\2041\attack.wav
char\2041\magic.wav
char\2041\hit.wav
char\2041\defend.wav
char\2041\die.wav
char\2044\attack.wav
char\2044\magic.wav
char\2044\hit.wav
char\2044\defend.wav
char\2044\die.wav
char\2045\attack.wav
char\2045\magic.wav
char\2045\hit.wav
char\2045\defend.wav
char\2045\die.wav
char\2046\attack.wav
char\2046\magic.wav
char\2046\hit.wav
char\2046\defend.wav
char\2046\die.wav
char\2048\attack.wav
char\2048\magic.wav
char\2048\hit.wav
char\2048\defend.wav
char\2048\die.wav
char\2052\attack.wav
char\2052\magic.wav
char\2052\hit.wav
char\2052\defend.wav
char\2052\die.wav
char\2053\attack.wav
char\2053\magic.wav
char\2053\hit.wav
char\2053\defend.wav
char\2053\die.wav
char\2054\attack.wav
char\2054\magic.wav
char\2054\hit.wav
char\2054\defend.wav
char\2054\die.wav
char\2055\attack.wav
char\2055\magic.wav
char\2055\hit.wav
char\2055\defend.wav
char\2055\die.wav
char\2059\attack.wav
char\2059\magic.wav
char\2059\hit.wav
char\2059\defend.wav
char\2059\die.wav
char\2061\attack.wav
char\2061\magic.wav
char\2061\hit.wav
char\2061\defend.wav
char\2061\die.wav
char\2062\attack.wav
char\2062\magic.wav
char\2062\hit.wav
char\2062\defend.wav
char\2062\die.wav
char\2063\attack.wav
char\2063\magic.wav
char\2063\hit.wav
char\2063\defend.wav
char\2063\die.wav
char\2064\attack.wav
char\2064\magic.wav
char\2064\hit.wav
char\2064\defend.wav
char\2064\die.wav
char\2065\attack.wav
char\2065\magic.wav
char\2065\hit.wav
char\2065\defend.wav
char\2065\die.wav
char\2066\attack.wav
char\2066\magic.wav
char\2066\hit.wav
char\2066\defend.wav
char\2066\die.wav
char\2067\attack.wav
char\2067\magic.wav
char\2067\hit.wav
char\2067\defend.wav
char\2067\die.wav
char\2068\attack.wav
char\2068\magic.wav
char\2068\hit.wav
char\2068\defend.wav
char\2068\die.wav
char\2070\attack.wav
char\2070\magic.wav
char\2070\hit.wav
char\2070\defend.wav
char\2070\die.wav
char\2071\attack.wav
char\2071\magic.wav
char\2071\hit.wav
char\2071\defend.wav
char\2071\die.wav
char\2072\attack.wav
char\2072\magic.wav
char\2072\hit.wav
char\2072\defend.wav
char\2072\die.wav
char\2073\attack.wav
char\2073\magic.wav
char\2073\hit.wav
char\2073\defend.wav
char\2073\die.wav
char\2074\attack.wav
char\2074\magic.wav
char\2074\hit.wav
char\2074\defend.wav
char\2074\die.wav
char\2076\attack.wav
char\2076\magic.wav
char\2076\hit.wav
char\2076\defend.wav
char\2076\die.wav
char\2077\attack.wav
char\2077\magic.wav
char\2077\hit.wav
char\2077\defend.wav
char\2077\die.wav
char\2078\attack.wav
char\2078\magic.wav
char\2078\hit.wav
char\2078\defend.wav
char\2078\die.wav
char\2085\attack.wav
char\2085\magic.wav
char\2085\hit.wav
char\2085\defend.wav
char\2085\die.wav
char\2086\attack.wav
char\2086\magic.wav
char\2086\hit.wav
char\2086\defend.wav
char\2086\die.wav
char\2087\attack.wav
char\2087\magic.wav
char\2087\hit.wav
char\2087\defend.wav
char\2087\die.wav
char\2088\attack.wav
char\2088\magic.wav
char\2088\hit.wav
char\2088\defend.wav
char\2088\die.wav
char\2089\attack.wav
char\2089\magic.wav
char\2089\hit.wav
char\2089\defend.wav
char\2089\die.wav
char\2090\attack.wav
char\2090\magic.wav
char\2090\hit.wav
char\2090\defend.wav
char\2090\die.wav
char\2091\attack.wav
char\2091\magic.wav
char\2091\hit.wav
char\2091\defend.wav
char\2091\die.wav
char\2092\attack.wav
char\2092\magic.wav
char\2092\hit.wav
char\2092\defend.wav
char\2092\die.wav
char\2093\attack.wav
char\2093\magic.wav
char\2093\hit.wav
char\2093\defend.wav
char\2093\die.wav
char\2094\attack.wav
char\2094\magic.wav
char\2094\hit.wav
char\2094\defend.wav
char\2094\die.wav
char\2095\attack.wav
char\2095\magic.wav
char\2095\hit.wav
char\2095\defend.wav
char\2095\die.wav
char\2096\attack.wav
char\2096\magic.wav
char\2096\hit.wav
char\2096\defend.wav
char\2096\die.wav
char\2097\attack.wav
char\2097\magic.wav
char\2097\hit.wav
char\2097\defend.wav
char\2097\die.wav
char\2098\attack.wav
char\2098\magic.wav
char\2098\hit.wav
char\2098\defend.wav
char\2098\die.wav
char\2099\attack.wav
char\2099\magic.wav
char\2099\hit.wav
char\2099\defend.wav
char\2099\die.wav
char\2100\attack.wav
char\2100\magic.wav
char\2100\hit.wav
char\2100\defend.wav
char\2102\attack.wav
char\2102\magic.wav
char\2102\hit.wav
char\2102\defend.wav
char\2102\die.wav
char\2103\attack.wav
char\2103\magic.wav
char\2103\hit.wav
char\2103\defend.wav
char\2103\die.wav
char\2104\attack.wav
char\2104\magic.wav
char\2104\hit.wav
char\2104\defend.wav
char\2104\die.wav
char\2105\attack.wav
char\2105\magic.wav
char\2105\hit.wav
char\2105\defend.wav
char\2105\die.wav
char\2106\attack.wav
char\2106\magic.wav
char\2106\hit.wav
char\2106\defend.wav
char\2106\die.wav
char\2107\attack.wav
char\2107\magic.wav
char\2107\hit.wav
char\2107\defend.wav
char\2107\die.wav
char\2108\attack.wav
char\2108\magic.wav
char\2108\hit.wav
char\2108\defend.wav
char\2108\die.wav
char\2109\attack.wav
char\2109\magic.wav
char\2109\hit.wav
char\2109\defend.wav
char\2109\die.wav
char\2110\attack.wav
char\2110\magic.wav
char\2110\hit.wav
char\2110\defend.wav
char\2110\die.wav
char\2111\attack.wav
char\2111\magic.wav
char\2111\hit.wav
char\2111\defend.wav
char\2111\die.wav
char\2112\attack.wav
char\2112\magic.wav
char\2112\hit.wav
char\2112\defend.wav
char\2112\die.wav
char\2113\attack.wav
char\2113\magic.wav
char\2113\hit.wav
char\2113\defend.wav
char\2113\die.wav
char\2114\attack.wav
char\2114\magic.wav
char\2114\hit.wav
char\2114\defend.wav
char\2114\die.wav
char\2115\attack.wav
char\2115\magic.wav
char\2115\hit.wav
char\2115\defend.wav
char\2115\die.wav
char\2116\attack.wav
char\2116\magic.wav
char\2116\hit.wav
char\2116\defend.wav
char\2116\die.wav
char\2117\attack.wav
char\2117\magic.wav
char\2117\hit.wav
char\2117\defend.wav
char\2117\die.wav
char\2118\attack.wav
char\2118\magic.wav
char\2118\hit.wav
char\2118\defend.wav
char\2118\die.wav
char\2119\attack.wav
char\2119\magic.wav
char\2119\hit.wav
char\2119\defend.wav
char\2119\die.wav
char\2120\attack.wav
char\2120\magic.wav
char\2120\hit.wav
char\2120\defend.wav
char\2120\die.wav
char\2121\attack.wav
char\2121\magic.wav
char\2121\hit.wav
char\2121\defend.wav
char\2121\die.wav
char\2122\attack.wav
char\2122\magic.wav
char\2122\hit.wav
char\2122\defend.wav
char\2122\die.wav
char\2123\attack.wav
char\2123\magic.wav
char\2123\hit.wav
char\2123\defend.wav
char\2123\die.wav
char\2278\attack.wav
char\2278\magic.wav
char\2278\hit.wav
char\2278\defend.wav
char\2278\die.wav
char\2283\attack.wav
char\2283\magic.wav
char\2283\hit.wav
char\2283\defend.wav
char\2283\die.wav
char\2601\attack.wav
char\2601\magic.wav
char\2601\hit.wav
char\2601\defend.wav
char\2601\die.wav
magic\3001.wav
magic\3002.wav
magic\3003.wav
magic\3004.wav
magic\3005.wav
magic\3006.wav
magic\3007.wav
magic\3008.wav
magic\3009.wav
magic\3010.wav
magic\3011.wav
magic\3012.wav
magic\3013.wav
magic\3014.wav
char\3079\attack.wav
char\3079\magic.wav
char\3079\hit.wav
char\3079\defend.wav
char\3079\die.wav
char\3170\attack.wav
char\3170\magic.wav
char\3170\hit.wav
char\3170\defend.wav
char\3170\die.wav
char\3171\attack.wav
char\3171\magic.wav
char\3171\hit.wav
char\3171\defend.wav
char\3171\die.wav
magic\4001.wav
magic\4002.wav
magic\4003.wav
magic\4004.wav
magic\4005.wav
magic\4006.wav
magic\4007.wav
magic\4008.wav
magic\4009.wav
magic\4010.wav
magic\4011.wav
magic\4012.wav
magic\4013.wav
magic\4014.wav
magic\4015.wav
magic\4016.wav
magic\4017.wav
magic\4018.wav
magic\4019.wav
magic\4020.wav
magic\4021.wav
magic\4022.wav
magic\4023.wav
magic\4024.wav
magic\4025.wav
magic\4026.wav
magic\4027.wav
magic\4028.wav
magic\4029.wav
magic\4030.wav
magic\4031.wav
magic\4032.wav
magic\4033.wav
magic\4034.wav
magic\4035.wav
magic\4036.wav
magic\4037.wav
magic\4038.wav
magic\4039.wav
magic\4040.wav
magic\4041.wav
magic\4042.wav
magic\4043.wav
magic\4044.wav
magic\4045.wav
magic\4046.wav
magic\4047.wav
magic\4048.wav
magic\4049.wav
magic\4050.wav
